Flow report for AA2380_MAXV_v001
Wed Sep 10 16:09:06 2025
Quartus Prime Version 23.1std.0 Build 991 11/28/2023 Patches 0.02std SC Lite Edition


---------------------
; Table of Contents ;
---------------------
  1. Legal Notice
  2. Flow Summary
  3. Flow Settings
  4. Flow Non-Default Global Settings
  5. Flow Elapsed Time
  6. Flow OS Summary
  7. Flow Log
  8. Flow Messages
  9. Flow Suppressed Messages



----------------
; Legal Notice ;
----------------
Copyright (C) 2023  Intel Corporation. All rights reserved.
Your use of Intel Corporation's design tools, logic functions 
and other software and tools, and any partner logic 
functions, and any output files from any of the foregoing 
(including device programming or simulation files), and any 
associated documentation or information are expressly subject 
to the terms and conditions of the Intel Program License 
Subscription Agreement, the Intel Quartus Prime License Agreement,
the Intel FPGA IP License Agreement, or other applicable license
agreement, including, without limitation, that your use is for
the sole purpose of programming logic devices manufactured by
Intel and sold by Intel or its authorized distributors.  Please
refer to the applicable agreement for further details, at
https://fpgasoftware.intel.com/eula.



+----------------------------------------------------------------------------------------+
; Flow Summary                                                                           ;
+-----------------------+----------------------------------------------------------------+
; Flow Status           ; Successful - Wed Sep 10 16:09:04 2025                          ;
; Quartus Prime Version ; 23.1std.0 Build 991 11/28/2023 Patches 0.02std SC Lite Edition ;
; Revision Name         ; AA2380_MAXV_v001                                               ;
; Top-level Entity Name ; AA2380_MAXV                                                    ;
; Family                ; MAX V                                                          ;
; Device                ; 5M570ZT100C5                                                   ;
; Timing Models         ; Final                                                          ;
; Total logic elements  ; 153 / 570 ( 27 % )                                             ;
; Total pins            ; 71 / 74 ( 96 % )                                               ;
; Total virtual pins    ; 0                                                              ;
; UFM blocks            ; 0 / 1 ( 0 % )                                                  ;
+-----------------------+----------------------------------------------------------------+


+-----------------------------------------+
; Flow Settings                           ;
+-------------------+---------------------+
; Option            ; Setting             ;
+-------------------+---------------------+
; Start date & time ; 09/10/2025 16:08:43 ;
; Main task         ; Compilation         ;
; Revision Name     ; AA2380_MAXV_v001    ;
+-------------------+---------------------+


+---------------------------------------------------------------------------------------------------------------------------+
; Flow Non-Default Global Settings                                                                                          ;
+---------------------------------------+---------------------------------+------------------+-------------+----------------+
; Assignment Name                       ; Value                           ; Default Value    ; Entity Name ; Section Id     ;
+---------------------------------------+---------------------------------+------------------+-------------+----------------+
; AUTO_PACKED_REGISTERS_MAX             ; Minimize Area with Chains       ; Auto             ; --          ; --             ;
; COMPILER_SIGNATURE_ID                 ; 189262218608270.175751332300680 ; --               ; --          ; --             ;
; FITTER_EFFORT                         ; Standard Fit                    ; Auto Fit         ; --          ; --             ;
; MAX_CORE_JUNCTION_TEMP                ; 85                              ; --               ; --          ; --             ;
; MIN_CORE_JUNCTION_TEMP                ; 0                               ; --               ; --          ; --             ;
; OPTIMIZATION_MODE                     ; High Performance Effort         ; Balanced         ; --          ; --             ;
; PHYSICAL_SYNTHESIS_COMBO_LOGIC        ; On                              ; Off              ; --          ; --             ;
; PHYSICAL_SYNTHESIS_REGISTER_RETIMING  ; On                              ; Off              ; --          ; --             ;
; PLACEMENT_EFFORT_MULTIPLIER           ; 4.0                             ; 1.0              ; --          ; --             ;
; POWER_EXT_SUPPLY_VOLTAGE_TO_REGULATOR ; 1.8V                            ; --               ; --          ; --             ;
; POWER_PRESET_COOLING_SOLUTION         ; No Heat Sink With Still Air     ; --               ; --          ; --             ;
; ROUTER_TIMING_OPTIMIZATION_LEVEL      ; MAXIMUM                         ; Normal           ; --          ; --             ;
; TOP_LEVEL_ENTITY                      ; AA2380_MAXV                     ; AA2380_MAXV_v001 ; --          ; --             ;
; USE_GENERATED_PHYSICAL_CONSTRAINTS    ; Off                             ; --               ; --          ; eda_blast_fpga ;
+---------------------------------------+---------------------------------+------------------+-------------+----------------+


+--------------------------------------------------------------------------------------------------------------------------+
; Flow Elapsed Time                                                                                                        ;
+----------------------+--------------+-------------------------+---------------------+------------------------------------+
; Module Name          ; Elapsed Time ; Average Processors Used ; Peak Virtual Memory ; Total CPU Time (on all processors) ;
+----------------------+--------------+-------------------------+---------------------+------------------------------------+
; Analysis & Synthesis ; 00:00:13     ; 1.0                     ; 4783 MB             ; 00:00:12                           ;
; Fitter               ; 00:00:04     ; 1.0                     ; 5328 MB             ; 00:00:02                           ;
; Assembler            ; 00:00:01     ; 1.0                     ; 4661 MB             ; 00:00:00                           ;
; Timing Analyzer      ; 00:00:01     ; 1.0                     ; 4687 MB             ; 00:00:00                           ;
; Total                ; 00:00:19     ; --                      ; --                  ; 00:00:14                           ;
+----------------------+--------------+-------------------------+---------------------+------------------------------------+


+------------------------------------------------------------------------------------+
; Flow OS Summary                                                                    ;
+----------------------+------------------+------------+------------+----------------+
; Module Name          ; Machine Hostname ; OS Name    ; OS Version ; Processor type ;
+----------------------+------------------+------------+------------+----------------+
; Analysis & Synthesis ; i5-Etabli        ; Windows 10 ; 10.0       ; x86_64         ;
; Fitter               ; i5-Etabli        ; Windows 10 ; 10.0       ; x86_64         ;
; Assembler            ; i5-Etabli        ; Windows 10 ; 10.0       ; x86_64         ;
; Timing Analyzer      ; i5-Etabli        ; Windows 10 ; 10.0       ; x86_64         ;
+----------------------+------------------+------------+------------+----------------+


------------
; Flow Log ;
------------
quartus_map --read_settings_files=on --write_settings_files=off AA2380_MAXV -c AA2380_MAXV_v001
quartus_fit --read_settings_files=off --write_settings_files=off AA2380_MAXV -c AA2380_MAXV_v001
quartus_asm --read_settings_files=off --write_settings_files=off AA2380_MAXV -c AA2380_MAXV_v001
quartus_sta AA2380_MAXV -c AA2380_MAXV_v001



