Analysis & Synthesis report for AA2380_MAXV_v001
Wed Sep 10 16:08:57 2025
Quartus Prime Version 23.1std.0 Build 991 11/28/2023 Patches 0.02std SC Lite Edition


---------------------
; Table of Contents ;
---------------------
  1. Legal Notice
  2. Analysis & Synthesis Summary
  3. Analysis & Synthesis Settings
  4. Parallel Compilation
  5. Analysis & Synthesis Source Files Read
  6. Analysis & Synthesis Resource Usage Summary
  7. Analysis & Synthesis Resource Utilization by Entity
  8. User-Specified and Inferred Latches
  9. Registers Removed During Synthesis
 10. Removed Registers Triggering Further Register Optimizations
 11. General Register Statistics
 12. Inverted Register Statistics
 13. Parameter Settings for User Entity Instance: spi_slave:inst7
 14. Parameter Settings for User Entity Instance: LPM_CONSTANT:inst14
 15. Parameter Settings for User Entity Instance: LPM_CONSTANT:inst36
 16. Analysis & Synthesis Messages



----------------
; Legal Notice ;
----------------
Copyright (C) 2023  Intel Corporation. All rights reserved.
Your use of Intel Corporation's design tools, logic functions 
and other software and tools, and any partner logic 
functions, and any output files from any of the foregoing 
(including device programming or simulation files), and any 
associated documentation or information are expressly subject 
to the terms and conditions of the Intel Program License 
Subscription Agreement, the Intel Quartus Prime License Agreement,
the Intel FPGA IP License Agreement, or other applicable license
agreement, including, without limitation, that your use is for
the sole purpose of programming logic devices manufactured by
Intel and sold by Intel or its authorized distributors.  Please
refer to the applicable agreement for further details, at
https://fpgasoftware.intel.com/eula.



+----------------------------------------------------------------------------------------------+
; Analysis & Synthesis Summary                                                                 ;
+-----------------------------+----------------------------------------------------------------+
; Analysis & Synthesis Status ; Successful - Wed Sep 10 16:08:57 2025                          ;
; Quartus Prime Version       ; 23.1std.0 Build 991 11/28/2023 Patches 0.02std SC Lite Edition ;
; Revision Name               ; AA2380_MAXV_v001                                               ;
; Top-level Entity Name       ; AA2380_MAXV                                                    ;
; Family                      ; MAX V                                                          ;
; Total logic elements        ; 193                                                            ;
; Total pins                  ; 71                                                             ;
; Total virtual pins          ; 0                                                              ;
; UFM blocks                  ; 0 / 1 ( 0 % )                                                  ;
+-----------------------------+----------------------------------------------------------------+


+------------------------------------------------------------------------------------------------------------+
; Analysis & Synthesis Settings                                                                              ;
+------------------------------------------------------------------+--------------------+--------------------+
; Option                                                           ; Setting            ; Default Value      ;
+------------------------------------------------------------------+--------------------+--------------------+
; Device                                                           ; 5M570ZT100C5       ;                    ;
; Top-level entity name                                            ; AA2380_MAXV        ; AA2380_MAXV_v001   ;
; Family name                                                      ; MAX V              ; Cyclone IV GX      ;
; Use smart compilation                                            ; Off                ; Off                ;
; Enable parallel Assembler and Timing Analyzer during compilation ; On                 ; On                 ;
; Enable compact report table                                      ; Off                ; Off                ;
; Restructure Multiplexers                                         ; Auto               ; Auto               ;
; Create Debugging Nodes for IP Cores                              ; Off                ; Off                ;
; Preserve fewer node names                                        ; On                 ; On                 ;
; Intel FPGA IP Evaluation Mode                                    ; Enable             ; Enable             ;
; Verilog Version                                                  ; Verilog_2001       ; Verilog_2001       ;
; VHDL Version                                                     ; VHDL_1993          ; VHDL_1993          ;
; State Machine Processing                                         ; Auto               ; Auto               ;
; Safe State Machine                                               ; Off                ; Off                ;
; Extract Verilog State Machines                                   ; On                 ; On                 ;
; Extract VHDL State Machines                                      ; On                 ; On                 ;
; Ignore Verilog initial constructs                                ; Off                ; Off                ;
; Iteration limit for constant Verilog loops                       ; 5000               ; 5000               ;
; Iteration limit for non-constant Verilog loops                   ; 250                ; 250                ;
; Add Pass-Through Logic to Inferred RAMs                          ; On                 ; On                 ;
; Infer RAMs from Raw Logic                                        ; On                 ; On                 ;
; Parallel Synthesis                                               ; On                 ; On                 ;
; NOT Gate Push-Back                                               ; On                 ; On                 ;
; Power-Up Don't Care                                              ; On                 ; On                 ;
; Remove Redundant Logic Cells                                     ; Off                ; Off                ;
; Remove Duplicate Registers                                       ; On                 ; On                 ;
; Ignore CARRY Buffers                                             ; Off                ; Off                ;
; Ignore CASCADE Buffers                                           ; Off                ; Off                ;
; Ignore GLOBAL Buffers                                            ; Off                ; Off                ;
; Ignore ROW GLOBAL Buffers                                        ; Off                ; Off                ;
; Ignore LCELL Buffers                                             ; Off                ; Off                ;
; Ignore SOFT Buffers                                              ; On                 ; On                 ;
; Limit AHDL Integers to 32 Bits                                   ; Off                ; Off                ;
; Optimization Technique                                           ; Balanced           ; Balanced           ;
; Carry Chain Length                                               ; 70                 ; 70                 ;
; Auto Carry Chains                                                ; On                 ; On                 ;
; Auto Open-Drain Pins                                             ; On                 ; On                 ;
; Perform WYSIWYG Primitive Resynthesis                            ; Off                ; Off                ;
; Auto Shift Register Replacement                                  ; Auto               ; Auto               ;
; Allow Shift Register Merging across Hierarchies                  ; Auto               ; Auto               ;
; Auto Clock Enable Replacement                                    ; On                 ; On                 ;
; Allow Synchronous Control Signals                                ; On                 ; On                 ;
; Force Use of Synchronous Clear Signals                           ; Off                ; Off                ;
; Auto Resource Sharing                                            ; Off                ; Off                ;
; Use LogicLock Constraints during Resource Balancing              ; On                 ; On                 ;
; Ignore translate_off and synthesis_off directives                ; Off                ; Off                ;
; Report Parameter Settings                                        ; On                 ; On                 ;
; Report Source Assignments                                        ; On                 ; On                 ;
; Report Connectivity Checks                                       ; On                 ; On                 ;
; Ignore Maximum Fan-Out Assignments                               ; Off                ; Off                ;
; Synchronization Register Chain Length                            ; 2                  ; 2                  ;
; Power Optimization During Synthesis                              ; Normal compilation ; Normal compilation ;
; HDL message level                                                ; Level2             ; Level2             ;
; Suppress Register Optimization Related Messages                  ; Off                ; Off                ;
; Number of Removed Registers Reported in Synthesis Report         ; 5000               ; 5000               ;
; Number of Swept Nodes Reported in Synthesis Report               ; 5000               ; 5000               ;
; Number of Inverted Registers Reported in Synthesis Report        ; 100                ; 100                ;
; Clock MUX Protection                                             ; On                 ; On                 ;
; Block Design Naming                                              ; Auto               ; Auto               ;
; Synthesis Effort                                                 ; Auto               ; Auto               ;
; Shift Register Replacement - Allow Asynchronous Clear Signal     ; On                 ; On                 ;
; Analysis & Synthesis Message Level                               ; Medium             ; Medium             ;
; Disable Register Merging Across Hierarchies                      ; Auto               ; Auto               ;
+------------------------------------------------------------------+--------------------+--------------------+


+------------------------------------------+
; Parallel Compilation                     ;
+----------------------------+-------------+
; Processors                 ; Number      ;
+----------------------------+-------------+
; Number detected on machine ; 4           ;
; Maximum allowed            ; 4           ;
;                            ;             ;
; Average used               ; 1.00        ;
; Maximum used               ; 1           ;
;                            ;             ;
; Usage by Processor         ; % Time Used ;
;     Processor 1            ; 100.0%      ;
+----------------------------+-------------+


+--------------------------------------------------------------------------------------------------------------------------------------------------------------------------------+
; Analysis & Synthesis Source Files Read                                                                                                                                         ;
+----------------------------------+-----------------+------------------------------------+----------------------------------------------------------------------------+---------+
; File Name with User-Entered Path ; Used in Netlist ; File Type                          ; File Name with Absolute Path                                               ; Library ;
+----------------------------------+-----------------+------------------------------------+----------------------------------------------------------------------------+---------+
; spi_slave.vhd                    ; yes             ; User VHDL File                     ; D:/GIT/AA2380_MAXV/spi_slave.vhd                                           ;         ;
; AA2380_MAXV.bdf                  ; yes             ; User Block Diagram/Schematic File  ; D:/GIT/AA2380_MAXV/AA2380_MAXV.bdf                                         ;         ;
; F12_SPI_Mapping.vhd              ; yes             ; User VHDL File                     ; D:/GIT/AA2380_MAXV/F12_SPI_Mapping.vhd                                     ;         ;
; F13_LEDSTRI.vhd                  ; yes             ; User VHDL File                     ; D:/GIT/AA2380_MAXV/F13_LEDSTRI.vhd                                         ;         ;
; F14_DAT2BUS.vhd                  ; yes             ; User VHDL File                     ; D:/GIT/AA2380_MAXV/F14_DAT2BUS.vhd                                         ;         ;
; F16_UIOTEST.vhd                  ; yes             ; User VHDL File                     ; D:/GIT/AA2380_MAXV/F16_UIOTEST.vhd                                         ;         ;
; LUT_QuarterII.vhd                ; yes             ; User VHDL File                     ; D:/GIT/AA2380_MAXV/LUT_QuarterII.vhd                                       ;         ;
; LUT_counter128P.vhd              ; yes             ; User VHDL File                     ; D:/GIT/AA2380_MAXV/LUT_counter128P.vhd                                     ;         ;
; F1_ReadADCFullSpeed.vhd          ; yes             ; User VHDL File                     ; D:/GIT/AA2380_MAXV/F1_ReadADCFullSpeed.vhd                                 ;         ;
; F0_CE_CLOCKS.vhd                 ; yes             ; User VHDL File                     ; D:/GIT/AA2380_MAXV/F0_CE_CLOCKS.vhd                                        ;         ;
; F15_Par2I2S_2S4P.vhd             ; yes             ; User VHDL File                     ; D:/GIT/AA2380_MAXV/F15_Par2I2S_2S4P.vhd                                    ;         ;
; F7_ReadyIII.vhd                  ; yes             ; User VHDL File                     ; D:/GIT/AA2380_MAXV/F7_ReadyIII.vhd                                         ;         ;
; lpm_constant.tdf                 ; yes             ; Megafunction                       ; c:/intelfpga_lite/23.1std/quartus/libraries/megafunctions/lpm_constant.tdf ;         ;
+----------------------------------+-----------------+------------------------------------+----------------------------------------------------------------------------+---------+


+-------------------------------------------------------------------+
; Analysis & Synthesis Resource Usage Summary                       ;
+---------------------------------------------+---------------------+
; Resource                                    ; Usage               ;
+---------------------------------------------+---------------------+
; Total logic elements                        ; 193                 ;
;     -- Combinational with no register       ; 45                  ;
;     -- Register only                        ; 96                  ;
;     -- Combinational with a register        ; 52                  ;
;                                             ;                     ;
; Logic element usage by number of LUT inputs ;                     ;
;     -- 4 input functions                    ; 10                  ;
;     -- 3 input functions                    ; 17                  ;
;     -- 2 input functions                    ; 46                  ;
;     -- 1 input functions                    ; 22                  ;
;     -- 0 input functions                    ; 2                   ;
;                                             ;                     ;
; Logic elements by mode                      ;                     ;
;     -- normal mode                          ; 162                 ;
;     -- arithmetic mode                      ; 31                  ;
;     -- qfbk mode                            ; 0                   ;
;     -- register cascade mode                ; 0                   ;
;     -- synchronous clear/load mode          ; 0                   ;
;     -- asynchronous clear/load mode         ; 80                  ;
;                                             ;                     ;
; Total registers                             ; 148                 ;
; Total logic cells in carry chains           ; 37                  ;
; I/O pins                                    ; 71                  ;
; Maximum fan-out node                        ; spi_slave:inst7|clk ;
; Maximum fan-out                             ; 73                  ;
; Total fan-out                               ; 610                 ;
; Average fan-out                             ; 2.31                ;
+---------------------------------------------+---------------------+


+-------------------------------------------------------------------------------------------------------------------------------------------------------------------------------------------------------------------------------------------------------------------+
; Analysis & Synthesis Resource Utilization by Entity                                                                                                                                                                                                               ;
+--------------------------------+-------------+--------------+------------+------+--------------+--------------+-------------------+------------------+-----------------+------------+----------------------------------------+---------------------+--------------+
; Compilation Hierarchy Node     ; Logic Cells ; LC Registers ; UFM Blocks ; Pins ; Virtual Pins ; LUT-Only LCs ; Register-Only LCs ; LUT/Register LCs ; Carry Chain LCs ; Packed LCs ; Full Hierarchy Name                    ; Entity Name         ; Library Name ;
+--------------------------------+-------------+--------------+------------+------+--------------+--------------+-------------------+------------------+-----------------+------------+----------------------------------------+---------------------+--------------+
; |AA2380_MAXV                   ; 193 (5)     ; 148          ; 0          ; 71   ; 0            ; 45 (5)       ; 96 (0)            ; 52 (0)           ; 37 (0)          ; 0 (0)      ; |AA2380_MAXV                           ; AA2380_MAXV         ; work         ;
;    |F0_CE_CLOCKS:inst12|       ; 8 (8)       ; 8            ; 0          ; 0    ; 0            ; 0 (0)        ; 2 (2)             ; 6 (6)            ; 5 (5)           ; 0 (0)      ; |AA2380_MAXV|F0_CE_CLOCKS:inst12       ; F0_CE_CLOCKS        ; work         ;
;    |F15_Par2I2S_2S4P:inst16|   ; 26 (26)     ; 26           ; 0          ; 0    ; 0            ; 0 (0)        ; 14 (14)           ; 12 (12)          ; 0 (0)           ; 0 (0)      ; |AA2380_MAXV|F15_Par2I2S_2S4P:inst16   ; F15_Par2I2S_2S4P    ; work         ;
;    |F1_ReadADCFullSpeed:inst1| ; 14 (14)     ; 9            ; 0          ; 0    ; 0            ; 5 (5)        ; 2 (2)             ; 7 (7)            ; 5 (5)           ; 0 (0)      ; |AA2380_MAXV|F1_ReadADCFullSpeed:inst1 ; F1_ReadADCFullSpeed ; work         ;
;    |F7_ReadyIII:inst8|         ; 36 (36)     ; 21           ; 0          ; 0    ; 0            ; 15 (15)      ; 7 (7)             ; 14 (14)          ; 18 (18)         ; 0 (0)      ; |AA2380_MAXV|F7_ReadyIII:inst8         ; F7_ReadyIII         ; work         ;
;    |LUT_counter128P:inst11|    ; 16 (16)     ; 11           ; 0          ; 0    ; 0            ; 5 (5)        ; 0 (0)             ; 11 (11)          ; 9 (9)           ; 0 (0)      ; |AA2380_MAXV|LUT_counter128P:inst11    ; LUT_counter128P     ; work         ;
;    |spi_slave:inst7|           ; 88 (88)     ; 73           ; 0          ; 0    ; 0            ; 15 (15)      ; 71 (71)           ; 2 (2)            ; 0 (0)           ; 0 (0)      ; |AA2380_MAXV|spi_slave:inst7           ; spi_slave           ; work         ;
+--------------------------------+-------------+--------------+------------+------+--------------+--------------+-------------------+------------------+-----------------+------------+----------------------------------------+---------------------+--------------+
Note: For table entries with two numbers listed, the numbers in parentheses indicate the number of resources of the given type used by the specific entity alone. The numbers listed outside of parentheses indicate the total resources of the given type used by the specific entity and all of its sub-entities in the hierarchy.


+------------------------------------------------------------------------------------------------------------+
; User-Specified and Inferred Latches                                                                        ;
+-----------------------------------------------------+-----------------------------+------------------------+
; Latch Name                                          ; Latch Enable Signal         ; Free of Timing Hazards ;
+-----------------------------------------------------+-----------------------------+------------------------+
; spi_slave:inst7|rx[23]                              ; IN_PIN2                     ; yes                    ;
; spi_slave:inst7|rx[22]                              ; IN_PIN2                     ; yes                    ;
; spi_slave:inst7|rx[20]                              ; IN_PIN2                     ; yes                    ;
; spi_slave:inst7|rx[21]                              ; IN_PIN2                     ; yes                    ;
; spi_slave:inst7|rx[13]                              ; IN_PIN2                     ; yes                    ;
; spi_slave:inst7|rx[15]                              ; IN_PIN2                     ; yes                    ;
; spi_slave:inst7|rx[14]                              ; IN_PIN2                     ; yes                    ;
; spi_slave:inst7|rx[16]                              ; IN_PIN2                     ; yes                    ;
; spi_slave:inst7|rx[18]                              ; IN_PIN2                     ; yes                    ;
; spi_slave:inst7|rx[17]                              ; IN_PIN2                     ; yes                    ;
; spi_slave:inst7|rx[19]                              ; IN_PIN2                     ; yes                    ;
; spi_slave:inst7|rx[0]                               ; IN_PIN2                     ; yes                    ;
; spi_slave:inst7|rx[1]                               ; IN_PIN2                     ; yes                    ;
; spi_slave:inst7|rx[2]                               ; IN_PIN2                     ; yes                    ;
; LUT_counter128P:inst11|LUTclk                       ; LUT_counter128P:inst11|Mux1 ; yes                    ;
; Number of user-specified and inferred latches = 15  ;                             ;                        ;
+-----------------------------------------------------+-----------------------------+------------------------+
Note: All latches listed above may not be present at the end of synthesis due to various synthesis optimizations.


+-----------------------------------------------------------------------------------------+
; Registers Removed During Synthesis                                                      ;
+----------------------------------------+------------------------------------------------+
; Register name                          ; Reason for Removal                             ;
+----------------------------------------+------------------------------------------------+
; F15_Par2I2S_2S4P:inst16|Lshift[3]      ; Stuck at GND due to stuck port data_in         ;
; F15_Par2I2S_2S4P:inst16|Rshift[1]      ; Stuck at GND due to stuck port data_in         ;
; spi_slave:inst7|bit_counter[0]         ; Stuck at GND due to stuck port data_in         ;
; F15_Par2I2S_2S4P:inst16|Rshift[5]      ; Stuck at GND due to stuck port data_in         ;
; F15_Par2I2S_2S4P:inst16|Rshift[0]      ; Merged with F15_Par2I2S_2S4P:inst16|Rshift[2]  ;
; F15_Par2I2S_2S4P:inst16|Rshift[2]      ; Merged with F15_Par2I2S_2S4P:inst16|Rshift[3]  ;
; F15_Par2I2S_2S4P:inst16|Rshift[3]      ; Merged with F15_Par2I2S_2S4P:inst16|Rshift[9]  ;
; F15_Par2I2S_2S4P:inst16|Rshift[9]      ; Merged with F15_Par2I2S_2S4P:inst16|Lshift[0]  ;
; F15_Par2I2S_2S4P:inst16|Lshift[0]      ; Merged with F15_Par2I2S_2S4P:inst16|Lshift[1]  ;
; F15_Par2I2S_2S4P:inst16|Lshift[1]      ; Merged with F15_Par2I2S_2S4P:inst16|Lshift[2]  ;
; F15_Par2I2S_2S4P:inst16|Lshift[2]      ; Merged with F15_Par2I2S_2S4P:inst16|Lshift[7]  ;
; F1_ReadADCFullSpeed:inst1|CLKFSd1      ; Merged with F15_Par2I2S_2S4P:inst16|LRCKd1     ;
; F15_Par2I2S_2S4P:inst16|Lshift[5]      ; Merged with F15_Par2I2S_2S4P:inst16|Lshift[11] ;
; F15_Par2I2S_2S4P:inst16|Rshift[6]      ; Merged with F15_Par2I2S_2S4P:inst16|Lshift[11] ;
; F15_Par2I2S_2S4P:inst16|Rshift[10]     ; Merged with F15_Par2I2S_2S4P:inst16|Lshift[9]  ;
; F15_Par2I2S_2S4P:inst16|Lshift[4]      ; Merged with F15_Par2I2S_2S4P:inst16|Lshift[6]  ;
; F15_Par2I2S_2S4P:inst16|Rshift[4,7,13] ; Merged with F15_Par2I2S_2S4P:inst16|Lshift[6]  ;
; F15_Par2I2S_2S4P:inst16|Lshift[8]      ; Merged with F15_Par2I2S_2S4P:inst16|Rshift[17] ;
; F15_Par2I2S_2S4P:inst16|Lshift[13]     ; Merged with F15_Par2I2S_2S4P:inst16|Rshift[14] ;
; F15_Par2I2S_2S4P:inst16|Lshift[10]     ; Merged with F15_Par2I2S_2S4P:inst16|Rshift[11] ;
; F15_Par2I2S_2S4P:inst16|Rshift[8]      ; Merged with F15_Par2I2S_2S4P:inst16|Rshift[11] ;
; F15_Par2I2S_2S4P:inst16|LRCKd2         ; Merged with F1_ReadADCFullSpeed:inst1|CLKFSd2  ;
; F15_Par2I2S_2S4P:inst16|Rshift[18]     ; Merged with F15_Par2I2S_2S4P:inst16|Lshift[17] ;
; F15_Par2I2S_2S4P:inst16|Rshift[12]     ; Merged with F15_Par2I2S_2S4P:inst16|Rshift[15] ;
; LUT_counter128P:inst11|CNTdiv[4..6]    ; Lost fanout                                    ;
; spi_slave:inst7|bit_counter[1]         ; Merged with spi_slave:inst7|miso~en            ;
; Total Number of Removed Registers = 30 ;                                                ;
+----------------------------------------+------------------------------------------------+


+--------------------------------------------------------------------------------------------------------+
; Removed Registers Triggering Further Register Optimizations                                            ;
+-----------------------------------+---------------------------+----------------------------------------+
; Register name                     ; Reason for Removal        ; Registers Removed due to This Register ;
+-----------------------------------+---------------------------+----------------------------------------+
; F15_Par2I2S_2S4P:inst16|Rshift[1] ; Stuck at GND              ; F15_Par2I2S_2S4P:inst16|Rshift[5]      ;
;                                   ; due to stuck port data_in ;                                        ;
+-----------------------------------+---------------------------+----------------------------------------+


+------------------------------------------------------+
; General Register Statistics                          ;
+----------------------------------------------+-------+
; Statistic                                    ; Value ;
+----------------------------------------------+-------+
; Total registers                              ; 148   ;
; Number of registers using Synchronous Clear  ; 0     ;
; Number of registers using Synchronous Load   ; 0     ;
; Number of registers using Asynchronous Clear ; 75    ;
; Number of registers using Asynchronous Load  ; 5     ;
; Number of registers using Clock Enable       ; 37    ;
; Number of registers using Preset             ; 0     ;
+----------------------------------------------+-------+


+---------------------------------------------------+
; Inverted Register Statistics                      ;
+-----------------------------------------+---------+
; Inverted Register                       ; Fan out ;
+-----------------------------------------+---------+
; F15_Par2I2S_2S4P:inst16|Lshift[23]      ; 1       ;
; F15_Par2I2S_2S4P:inst16|Lshift[21]      ; 1       ;
; F15_Par2I2S_2S4P:inst16|Lshift[20]      ; 1       ;
; F15_Par2I2S_2S4P:inst16|Rshift[23]      ; 1       ;
; F15_Par2I2S_2S4P:inst16|Rshift[20]      ; 1       ;
; F7_ReadyIII:inst8|slowcnt[0]            ; 3       ;
; F15_Par2I2S_2S4P:inst16|Lshift[17]      ; 2       ;
; F15_Par2I2S_2S4P:inst16|Rshift[19]      ; 1       ;
; F15_Par2I2S_2S4P:inst16|Rshift[15]      ; 2       ;
; F7_ReadyIII:inst8|counter[0]            ; 2       ;
; F15_Par2I2S_2S4P:inst16|Lshift[11]      ; 2       ;
; F15_Par2I2S_2S4P:inst16|Rshift[11]      ; 2       ;
; F15_Par2I2S_2S4P:inst16|Lshift[9]       ; 1       ;
; F15_Par2I2S_2S4P:inst16|Lshift[7]       ; 2       ;
; Total number of inverted registers = 14 ;         ;
+-----------------------------------------+---------+


+--------------------------------------------------------------+
; Parameter Settings for User Entity Instance: spi_slave:inst7 ;
+----------------+-------+-------------------------------------+
; Parameter Name ; Value ; Type                                ;
+----------------+-------+-------------------------------------+
; data_length    ; 24    ; Signed Integer                      ;
+----------------+-------+-------------------------------------+
Note: In order to hide this table in the UI and the text report file, please set the "Show Parameter Settings in Synthesis Report" option in "Analysis and Synthesis Settings -> More Settings" to "Off".


+------------------------------------------------------------------+
; Parameter Settings for User Entity Instance: LPM_CONSTANT:inst14 ;
+--------------------+------------------+--------------------------+
; Parameter Name     ; Value            ; Type                     ;
+--------------------+------------------+--------------------------+
; LPM_WIDTH          ; 24               ; Untyped                  ;
; LPM_CVALUE         ; B20EA7           ; Unsigned Hexadecimal     ;
; ENABLE_RUNTIME_MOD ; NO               ; Untyped                  ;
; CBXI_PARAMETER     ; lpm_constant_2l4 ; Untyped                  ;
+--------------------+------------------+--------------------------+
Note: In order to hide this table in the UI and the text report file, please set the "Show Parameter Settings in Synthesis Report" option in "Analysis and Synthesis Settings -> More Settings" to "Off".


+------------------------------------------------------------------+
; Parameter Settings for User Entity Instance: LPM_CONSTANT:inst36 ;
+--------------------+------------------+--------------------------+
; Parameter Name     ; Value            ; Type                     ;
+--------------------+------------------+--------------------------+
; LPM_WIDTH          ; 24               ; Untyped                  ;
; LPM_CVALUE         ; 9C9F4D           ; Unsigned Hexadecimal     ;
; ENABLE_RUNTIME_MOD ; NO               ; Untyped                  ;
; CBXI_PARAMETER     ; lpm_constant_kl4 ; Untyped                  ;
+--------------------+------------------+--------------------------+
Note: In order to hide this table in the UI and the text report file, please set the "Show Parameter Settings in Synthesis Report" option in "Analysis and Synthesis Settings -> More Settings" to "Off".


+-------------------------------+
; Analysis & Synthesis Messages ;
+-------------------------------+
Info: *******************************************************************
Info: Running Quartus Prime Analysis & Synthesis
    Info: Version 23.1std.0 Build 991 11/28/2023 Patches 0.02std SC Lite Edition
    Info: Processing started: Wed Sep 10 16:08:43 2025
Info: Command: quartus_map --read_settings_files=on --write_settings_files=off AA2380_MAXV -c AA2380_MAXV_v001
Info (16303): High Performance Effort optimization mode selected -- timing performance will be prioritized at the potential cost of increased compilation time
Warning (18236): Number of processors has not been specified which may cause overloading on shared machines.  Set the global assignment NUM_PARALLEL_PROCESSORS in your QSF to an appropriate value for best performance.
Info (20030): Parallel compilation is enabled and will use 4 of the 4 processors detected
Info (12021): Found 2 design units, including 1 entities, in source file spi_slave.vhd
    Info (12022): Found design unit 1: spi_slave-behavioural File: D:/GIT/AA2380_MAXV/spi_slave.vhd Line: 20
    Info (12023): Found entity 1: spi_slave File: D:/GIT/AA2380_MAXV/spi_slave.vhd Line: 5
Info (12021): Found 2 design units, including 1 entities, in source file f0_ctrl_encoder.vhd
    Info (12022): Found design unit 1: F0_ctrl_encoder-select_mode File: D:/GIT/AA2380_MAXV/F0_ctrl_encoder.vhd Line: 62
    Info (12023): Found entity 1: F0_ctrl_encoder File: D:/GIT/AA2380_MAXV/F0_ctrl_encoder.vhd Line: 37
Info (12021): Found 1 design units, including 1 entities, in source file aa2380_maxv.bdf
    Info (12023): Found entity 1: AA2380_MAXV
Info (12021): Found 2 design units, including 1 entities, in source file f2_leds_decoders.vhd
    Info (12022): Found design unit 1: F2_leds_decoders-Behavioral File: D:/GIT/AA2380_MAXV/F2_leds_decoders.vhd Line: 61
    Info (12023): Found entity 1: F2_leds_decoders File: D:/GIT/AA2380_MAXV/F2_leds_decoders.vhd Line: 18
Info (12021): Found 2 design units, including 1 entities, in source file f3_digital_hpf.vhd
    Info (12022): Found design unit 1: F3_digital_HPF-Behavioral File: D:/GIT/AA2380_MAXV/F3_digital_HPF.vhd Line: 51
    Info (12023): Found entity 1: F3_digital_HPF File: D:/GIT/AA2380_MAXV/F3_digital_HPF.vhd Line: 35
Info (12021): Found 2 design units, including 1 entities, in source file f4_lr_datamux.vhd
    Info (12022): Found design unit 1: F4_LR_DATAMUX-Behavioral File: D:/GIT/AA2380_MAXV/F4_LR_DATAMUX.vhd Line: 29
    Info (12023): Found entity 1: F4_LR_DATAMUX File: D:/GIT/AA2380_MAXV/F4_LR_DATAMUX.vhd Line: 16
Info (12021): Found 2 design units, including 1 entities, in source file f3_digital_hpf_fast.vhd
    Info (12022): Found design unit 1: F3_digital_HPF_fast-Behavioral File: D:/GIT/AA2380_MAXV/F3_digital_HPF_fast.vhd Line: 37
    Info (12023): Found entity 1: F3_digital_HPF_fast File: D:/GIT/AA2380_MAXV/F3_digital_HPF_fast.vhd Line: 21
Info (12021): Found 2 design units, including 1 entities, in source file f5_parr_to_i2s.vhd
    Info (12022): Found design unit 1: F5_Parr_to_I2S-Behavioral File: D:/GIT/AA2380_MAXV/F5_Parr_to_I2S.vhd Line: 32
    Info (12023): Found entity 1: F5_Parr_to_I2S File: D:/GIT/AA2380_MAXV/F5_Parr_to_I2S.vhd Line: 16
Info (12021): Found 2 design units, including 1 entities, in source file f7_ready.vhd
    Info (12022): Found design unit 1: F7_Ready-Behavioral File: D:/GIT/AA2380_MAXV/F7_Ready.vhd Line: 32
    Info (12023): Found entity 1: F7_Ready File: D:/GIT/AA2380_MAXV/F7_Ready.vhd Line: 19
Info (12021): Found 2 design units, including 1 entities, in source file f8_spdif_tx.vhd
    Info (12022): Found design unit 1: F8_SPDIF_TX-behavioral File: D:/GIT/AA2380_MAXV/F8_SPDIF_TX.vhd Line: 28
    Info (12023): Found entity 1: F8_SPDIF_TX File: D:/GIT/AA2380_MAXV/F8_SPDIF_TX.vhd Line: 19
Info (12021): Found 2 design units, including 1 entities, in source file f6_sdrwidget.vhd
    Info (12022): Found design unit 1: F6_SDRwidget-Behavioral File: D:/GIT/AA2380_MAXV/F6_SDRwidget.vhd Line: 52
    Info (12023): Found entity 1: F6_SDRwidget File: D:/GIT/AA2380_MAXV/F6_SDRwidget.vhd Line: 29
Info (12021): Found 2 design units, including 1 entities, in source file f9_adcx2_fastread.vhd
    Info (12022): Found design unit 1: F9_ADCx2_FastRead-Behavioral File: D:/GIT/AA2380_MAXV/F9_ADCx2_FastRead.vhd Line: 52
    Info (12023): Found entity 1: F9_ADCx2_FastRead File: D:/GIT/AA2380_MAXV/F9_ADCx2_FastRead.vhd Line: 29
Info (12021): Found 2 design units, including 1 entities, in source file f3_autozero.vhd
    Info (12022): Found design unit 1: F3_AutoZero-Behavioral File: D:/GIT/AA2380_MAXV/F3_AutoZero.vhd Line: 39
    Info (12023): Found entity 1: F3_AutoZero File: D:/GIT/AA2380_MAXV/F3_AutoZero.vhd Line: 20
Info (12021): Found 2 design units, including 1 entities, in source file f11_isointerface.vhd
    Info (12022): Found design unit 1: F11_ISOinterface-behavioral File: D:/GIT/AA2380_MAXV/F11_ISOinterface.vhd Line: 31
    Info (12023): Found entity 1: F11_ISOinterface File: D:/GIT/AA2380_MAXV/F11_ISOinterface.vhd Line: 16
Info (12021): Found 2 design units, including 1 entities, in source file f12_spi_interface.vhd
    Info (12022): Found design unit 1: F12_SPI_interface-behavioral File: D:/GIT/AA2380_MAXV/F12_SPI_interface.vhd Line: 39
    Info (12023): Found entity 1: F12_SPI_interface File: D:/GIT/AA2380_MAXV/F12_SPI_interface.vhd Line: 25
Info (12021): Found 2 design units, including 1 entities, in source file f2_leds_decoders_b.vhd
    Info (12022): Found design unit 1: F2_leds_decoders_B-Behavioral File: D:/GIT/AA2380_MAXV/F2_leds_decoders_B.vhd Line: 68
    Info (12023): Found entity 1: F2_leds_decoders_B File: D:/GIT/AA2380_MAXV/F2_leds_decoders_B.vhd Line: 26
Info (12021): Found 2 design units, including 1 entities, in source file f0_ctrl_encoder_b.vhd
    Info (12022): Found design unit 1: F0_ctrl_encoder_B-select_mode File: D:/GIT/AA2380_MAXV/F0_ctrl_encoder_B.vhd Line: 57
    Info (12023): Found entity 1: F0_ctrl_encoder_B File: D:/GIT/AA2380_MAXV/F0_ctrl_encoder_B.vhd Line: 34
Info (12021): Found 2 design units, including 1 entities, in source file f1_readadc_multimodes.vhd
    Info (12022): Found design unit 1: F1_readADC_multimodes-Behavioral File: D:/GIT/AA2380_MAXV/F1_readADC_multimodes.vhd Line: 82
    Info (12023): Found entity 1: F1_readADC_multimodes File: D:/GIT/AA2380_MAXV/F1_readADC_multimodes.vhd Line: 26
Info (12021): Found 2 design units, including 1 entities, in source file modele others/spdif_transmitter.vhd
    Info (12022): Found design unit 1: spdif_transmitter-behavioral File: D:/GIT/AA2380_MAXV/modele others/spdif_transmitter.vhd Line: 20
    Info (12023): Found entity 1: spdif_transmitter File: D:/GIT/AA2380_MAXV/modele others/spdif_transmitter.vhd Line: 11
Info (12021): Found 2 design units, including 1 entities, in source file f20_emulateadcii.vhd
    Info (12022): Found design unit 1: F20_EmulateADCII-Behavioral File: D:/GIT/AA2380_MAXV/F20_EmulateADCII.vhd Line: 38
    Info (12023): Found entity 1: F20_EmulateADCII File: D:/GIT/AA2380_MAXV/F20_EmulateADCII.vhd Line: 22
Info (12021): Found 2 design units, including 1 entities, in source file f20_emulateadc.vhd
    Info (12022): Found design unit 1: F20_EmulateADC-Behavioral File: D:/GIT/AA2380_MAXV/F20_EmulateADC.vhd Line: 39
    Info (12023): Found entity 1: F20_EmulateADC File: D:/GIT/AA2380_MAXV/F20_EmulateADC.vhd Line: 21
Info (12021): Found 2 design units, including 1 entities, in source file f0_clockenable_beta2.vhd
    Info (12022): Found design unit 1: F0_ClockEnable_BETA2-DESCRIPTION File: D:/GIT/AA2380_MAXV/F0_ClockEnable_BETA2.vhd Line: 58
    Info (12023): Found entity 1: F0_ClockEnable_BETA2 File: D:/GIT/AA2380_MAXV/F0_ClockEnable_BETA2.vhd Line: 36
Info (12021): Found 2 design units, including 1 entities, in source file f1_readadcmulti_extclk.vhd
    Info (12022): Found design unit 1: F1_readADCmulti_ExtClk-Behavioral File: D:/GIT/AA2380_MAXV/F1_readADCmulti_ExtClk.vhd Line: 73
    Info (12023): Found entity 1: F1_readADCmulti_ExtClk File: D:/GIT/AA2380_MAXV/F1_readADCmulti_ExtClk.vhd Line: 25
Info (12021): Found 2 design units, including 1 entities, in source file f7_readyii.vhd
    Info (12022): Found design unit 1: F7_ReadyII-Behavioral File: D:/GIT/AA2380_MAXV/F7_ReadyII.vhd Line: 26
    Info (12023): Found entity 1: F7_ReadyII File: D:/GIT/AA2380_MAXV/F7_ReadyII.vhd Line: 17
Info (12021): Found 2 design units, including 1 entities, in source file f1_readadcmulti_extclkii.vhd
    Info (12022): Found design unit 1: F1_readADCmulti_ExtClkII-Behavioral File: D:/GIT/AA2380_MAXV/F1_readADCmulti_ExtClkII.vhd Line: 76
    Info (12023): Found entity 1: F1_readADCmulti_ExtClkII File: D:/GIT/AA2380_MAXV/F1_readADCmulti_ExtClkII.vhd Line: 25
Info (12021): Found 2 design units, including 1 entities, in source file f4_partoi2s.vhd
    Info (12022): Found design unit 1: F4_PARtoI2S-Behavioral File: D:/GIT/AA2380_MAXV/F4_PARtoI2S.vhd Line: 63
    Info (12023): Found entity 1: F4_PARtoI2S File: D:/GIT/AA2380_MAXV/F4_PARtoI2S.vhd Line: 42
Info (12021): Found 2 design units, including 1 entities, in source file f15_par2i2s_2x4lanes.vhd
    Info (12022): Found design unit 1: F15_Par2I2S_2x4Lanes-Behavioral File: D:/GIT/AA2380_MAXV/F15_Par2I2S_2x4Lanes.vhd Line: 32
    Info (12023): Found entity 1: F15_Par2I2S_2x4Lanes File: D:/GIT/AA2380_MAXV/F15_Par2I2S_2x4Lanes.vhd Line: 16
Info (12021): Found 2 design units, including 1 entities, in source file f0_ctrl_encoder_d.vhd
    Info (12022): Found design unit 1: F0_ctrl_encoder_D-select_mode File: D:/GIT/AA2380_MAXV/F0_ctrl_encoder_D.vhd Line: 63
    Info (12023): Found entity 1: F0_ctrl_encoder_D File: D:/GIT/AA2380_MAXV/F0_ctrl_encoder_D.vhd Line: 42
Info (12021): Found 1 design units, including 1 entities, in source file emulate_adc.bdf
    Info (12023): Found entity 1: Emulate_ADC
Info (12021): Found 2 design units, including 1 entities, in source file spi_led_mapping.vhd
    Info (12022): Found design unit 1: SPI_LED_Mapping-Behavioral File: D:/GIT/AA2380_MAXV/SPI_LED_Mapping.vhd Line: 38
    Info (12023): Found entity 1: SPI_LED_Mapping File: D:/GIT/AA2380_MAXV/SPI_LED_Mapping.vhd Line: 12
Info (12021): Found 2 design units, including 1 entities, in source file f12_spi_mapping.vhd
    Info (12022): Found design unit 1: F12_SPI_Mapping-Behavioral File: D:/GIT/AA2380_MAXV/F12_SPI_Mapping.vhd Line: 28
    Info (12023): Found entity 1: F12_SPI_Mapping File: D:/GIT/AA2380_MAXV/F12_SPI_Mapping.vhd Line: 11
Info (12021): Found 2 design units, including 1 entities, in source file f13_ledstri.vhd
    Info (12022): Found design unit 1: F13_LEDSTRI-Behavioral File: D:/GIT/AA2380_MAXV/F13_LEDSTRI.vhd Line: 23
    Info (12023): Found entity 1: F13_LEDSTRI File: D:/GIT/AA2380_MAXV/F13_LEDSTRI.vhd Line: 10
Info (12021): Found 2 design units, including 1 entities, in source file f14_dat2bus.vhd
    Info (12022): Found design unit 1: F14_DAT2BUS-Behavioral File: D:/GIT/AA2380_MAXV/F14_DAT2BUS.vhd Line: 18
    Info (12023): Found entity 1: F14_DAT2BUS File: D:/GIT/AA2380_MAXV/F14_DAT2BUS.vhd Line: 10
Info (12021): Found 2 design units, including 1 entities, in source file f15_par2i2s_2x4lanesii.vhd
    Info (12022): Found design unit 1: F15_Par2I2S_2x4LanesII-Behavioral File: D:/GIT/AA2380_MAXV/F15_Par2I2S_2x4LanesII.vhd Line: 36
    Info (12023): Found entity 1: F15_Par2I2S_2x4LanesII File: D:/GIT/AA2380_MAXV/F15_Par2I2S_2x4LanesII.vhd Line: 15
Info (12021): Found 2 design units, including 1 entities, in source file f16_uiotest.vhd
    Info (12022): Found design unit 1: F16_UIOTEST-Behavioral File: D:/GIT/AA2380_MAXV/F16_UIOTEST.vhd Line: 37
    Info (12023): Found entity 1: F16_UIOTEST File: D:/GIT/AA2380_MAXV/F16_UIOTEST.vhd Line: 10
Info (12021): Found 2 design units, including 1 entities, in source file lut_counter32p.vhd
    Info (12022): Found design unit 1: LUT_counter32P-Behavioral File: D:/GIT/AA2380_MAXV/LUT_counter32P.vhd Line: 22
    Info (12023): Found entity 1: LUT_counter32P File: D:/GIT/AA2380_MAXV/LUT_counter32P.vhd Line: 13
Info (12021): Found 2 design units, including 1 entities, in source file lut_quarter.vhd
    Info (12022): Found design unit 1: LUT_Quarter-Behavioral File: D:/GIT/AA2380_MAXV/LUT_Quarter.vhd Line: 34
    Info (12023): Found entity 1: LUT_Quarter File: D:/GIT/AA2380_MAXV/LUT_Quarter.vhd Line: 18
Info (12021): Found 2 design units, including 1 entities, in source file lut_quarterii.vhd
    Info (12022): Found design unit 1: LUT_QuarterII-Behavioral File: D:/GIT/AA2380_MAXV/LUT_QuarterII.vhd Line: 27
    Info (12023): Found entity 1: LUT_QuarterII File: D:/GIT/AA2380_MAXV/LUT_QuarterII.vhd Line: 11
Info (12021): Found 2 design units, including 1 entities, in source file lut_counter128p.vhd
    Info (12022): Found design unit 1: LUT_counter128P-Behavioral File: D:/GIT/AA2380_MAXV/LUT_counter128P.vhd Line: 22
    Info (12023): Found entity 1: LUT_counter128P File: D:/GIT/AA2380_MAXV/LUT_counter128P.vhd Line: 13
Info (12021): Found 2 design units, including 1 entities, in source file f1_readadcfullspeed.vhd
    Info (12022): Found design unit 1: F1_ReadADCFullSpeed-Behavioral File: D:/GIT/AA2380_MAXV/F1_ReadADCFullSpeed.vhd Line: 48
    Info (12023): Found entity 1: F1_ReadADCFullSpeed File: D:/GIT/AA2380_MAXV/F1_ReadADCFullSpeed.vhd Line: 20
Info (12021): Found 2 design units, including 1 entities, in source file f0_ce_clocks.vhd
    Info (12022): Found design unit 1: F0_CE_CLOCKS-DESCRIPTION File: D:/GIT/AA2380_MAXV/F0_CE_CLOCKS.vhd Line: 28
    Info (12023): Found entity 1: F0_CE_CLOCKS File: D:/GIT/AA2380_MAXV/F0_CE_CLOCKS.vhd Line: 17
Info (12021): Found 2 design units, including 1 entities, in source file f15_par2i2s_2s4p.vhd
    Info (12022): Found design unit 1: F15_Par2I2S_2S4P-Behavioral File: D:/GIT/AA2380_MAXV/F15_Par2I2S_2S4P.vhd Line: 36
    Info (12023): Found entity 1: F15_Par2I2S_2S4P File: D:/GIT/AA2380_MAXV/F15_Par2I2S_2S4P.vhd Line: 16
Info (12021): Found 2 design units, including 1 entities, in source file f7_readyiii.vhd
    Info (12022): Found design unit 1: F7_ReadyIII-Behavioral File: D:/GIT/AA2380_MAXV/F7_ReadyIII.vhd Line: 26
    Info (12023): Found entity 1: F7_ReadyIII File: D:/GIT/AA2380_MAXV/F7_ReadyIII.vhd Line: 17
Info (12127): Elaborating entity "AA2380_MAXV" for the top level hierarchy
Warning (275043): Pin "LEDavg0" is missing source
Warning (275043): Pin "LEDavg1" is missing source
Warning (275043): Pin "LEDavg2" is missing source
Warning (275043): Pin "LED_SE" is missing source
Warning (275043): Pin "LED_192K" is missing source
Warning (275043): Pin "LED_CAL" is missing source
Warning (275043): Pin "LED_FILTOFF" is missing source
Warning (275043): Pin "PWM0" is missing source
Warning (275043): Pin "PWM1" is missing source
Warning (275043): Pin "LED_48K" is missing source
Warning (275043): Pin "LED_96K" is missing source
Warning (275043): Pin "PLL_OE" is missing source
Warning (275043): Pin "PLL_S0" is missing source
Warning (275043): Pin "PLL_S1" is missing source
Warning (275009): Pin "CLK100M" not connected
Warning (275009): Pin "CLKEXT" not connected
Warning (275009): Pin "nROT_push" not connected
Warning (275009): Pin "nROT_Ta" not connected
Warning (275009): Pin "nROT_Tb" not connected
Warning (275009): Pin "IN_PIN3" not connected
Warning (275009): Pin "IN_PIN5" not connected
Info (12128): Elaborating entity "F12_SPI_Mapping" for hierarchy "F12_SPI_Mapping:inst2"
Info (12128): Elaborating entity "spi_slave" for hierarchy "spi_slave:inst7"
Warning (10540): VHDL Signal Declaration warning at spi_slave.vhd(26): used explicit default value for signal "cpha" because signal was never assigned a value File: D:/GIT/AA2380_MAXV/spi_slave.vhd Line: 26
Warning (10540): VHDL Signal Declaration warning at spi_slave.vhd(27): used explicit default value for signal "cpol" because signal was never assigned a value File: D:/GIT/AA2380_MAXV/spi_slave.vhd Line: 27
Warning (10492): VHDL Process Statement warning at spi_slave.vhd(49): signal "reset_n" is read inside the Process Statement but isn't in the Process Statement's sensitivity list File: D:/GIT/AA2380_MAXV/spi_slave.vhd Line: 49
Warning (10492): VHDL Process Statement warning at spi_slave.vhd(50): signal "cpha" is read inside the Process Statement but isn't in the Process Statement's sensitivity list File: D:/GIT/AA2380_MAXV/spi_slave.vhd Line: 50
Warning (10492): VHDL Process Statement warning at spi_slave.vhd(63): signal "cpha" is read inside the Process Statement but isn't in the Process Statement's sensitivity list File: D:/GIT/AA2380_MAXV/spi_slave.vhd Line: 63
Warning (10492): VHDL Process Statement warning at spi_slave.vhd(66): signal "bit_counter" is read inside the Process Statement but isn't in the Process Statement's sensitivity list File: D:/GIT/AA2380_MAXV/spi_slave.vhd Line: 66
Warning (10620): VHDL warning at spi_slave.vhd(66): comparison between unequal length operands always returns TRUE File: D:/GIT/AA2380_MAXV/spi_slave.vhd Line: 66
Warning (10492): VHDL Process Statement warning at spi_slave.vhd(81): signal "rxBuffer" is read inside the Process Statement but isn't in the Process Statement's sensitivity list File: D:/GIT/AA2380_MAXV/spi_slave.vhd Line: 81
Warning (10492): VHDL Process Statement warning at spi_slave.vhd(88): signal "tx" is read inside the Process Statement but isn't in the Process Statement's sensitivity list File: D:/GIT/AA2380_MAXV/spi_slave.vhd Line: 88
Warning (10492): VHDL Process Statement warning at spi_slave.vhd(89): signal "bit_counter" is read inside the Process Statement but isn't in the Process Statement's sensitivity list File: D:/GIT/AA2380_MAXV/spi_slave.vhd Line: 89
Warning (10631): VHDL Process Statement warning at spi_slave.vhd(59): inferring latch(es) for signal or variable "rx", which holds its previous value in one or more paths through the process File: D:/GIT/AA2380_MAXV/spi_slave.vhd Line: 59
Info (10041): Inferred latch for "rx[0]" at spi_slave.vhd(59) File: D:/GIT/AA2380_MAXV/spi_slave.vhd Line: 59
Info (10041): Inferred latch for "rx[1]" at spi_slave.vhd(59) File: D:/GIT/AA2380_MAXV/spi_slave.vhd Line: 59
Info (10041): Inferred latch for "rx[2]" at spi_slave.vhd(59) File: D:/GIT/AA2380_MAXV/spi_slave.vhd Line: 59
Info (10041): Inferred latch for "rx[3]" at spi_slave.vhd(59) File: D:/GIT/AA2380_MAXV/spi_slave.vhd Line: 59
Info (10041): Inferred latch for "rx[4]" at spi_slave.vhd(59) File: D:/GIT/AA2380_MAXV/spi_slave.vhd Line: 59
Info (10041): Inferred latch for "rx[5]" at spi_slave.vhd(59) File: D:/GIT/AA2380_MAXV/spi_slave.vhd Line: 59
Info (10041): Inferred latch for "rx[6]" at spi_slave.vhd(59) File: D:/GIT/AA2380_MAXV/spi_slave.vhd Line: 59
Info (10041): Inferred latch for "rx[7]" at spi_slave.vhd(59) File: D:/GIT/AA2380_MAXV/spi_slave.vhd Line: 59
Info (10041): Inferred latch for "rx[8]" at spi_slave.vhd(59) File: D:/GIT/AA2380_MAXV/spi_slave.vhd Line: 59
Info (10041): Inferred latch for "rx[9]" at spi_slave.vhd(59) File: D:/GIT/AA2380_MAXV/spi_slave.vhd Line: 59
Info (10041): Inferred latch for "rx[10]" at spi_slave.vhd(59) File: D:/GIT/AA2380_MAXV/spi_slave.vhd Line: 59
Info (10041): Inferred latch for "rx[11]" at spi_slave.vhd(59) File: D:/GIT/AA2380_MAXV/spi_slave.vhd Line: 59
Info (10041): Inferred latch for "rx[12]" at spi_slave.vhd(59) File: D:/GIT/AA2380_MAXV/spi_slave.vhd Line: 59
Info (10041): Inferred latch for "rx[13]" at spi_slave.vhd(59) File: D:/GIT/AA2380_MAXV/spi_slave.vhd Line: 59
Info (10041): Inferred latch for "rx[14]" at spi_slave.vhd(59) File: D:/GIT/AA2380_MAXV/spi_slave.vhd Line: 59
Info (10041): Inferred latch for "rx[15]" at spi_slave.vhd(59) File: D:/GIT/AA2380_MAXV/spi_slave.vhd Line: 59
Info (10041): Inferred latch for "rx[16]" at spi_slave.vhd(59) File: D:/GIT/AA2380_MAXV/spi_slave.vhd Line: 59
Info (10041): Inferred latch for "rx[17]" at spi_slave.vhd(59) File: D:/GIT/AA2380_MAXV/spi_slave.vhd Line: 59
Info (10041): Inferred latch for "rx[18]" at spi_slave.vhd(59) File: D:/GIT/AA2380_MAXV/spi_slave.vhd Line: 59
Info (10041): Inferred latch for "rx[19]" at spi_slave.vhd(59) File: D:/GIT/AA2380_MAXV/spi_slave.vhd Line: 59
Info (10041): Inferred latch for "rx[20]" at spi_slave.vhd(59) File: D:/GIT/AA2380_MAXV/spi_slave.vhd Line: 59
Info (10041): Inferred latch for "rx[21]" at spi_slave.vhd(59) File: D:/GIT/AA2380_MAXV/spi_slave.vhd Line: 59
Info (10041): Inferred latch for "rx[22]" at spi_slave.vhd(59) File: D:/GIT/AA2380_MAXV/spi_slave.vhd Line: 59
Info (10041): Inferred latch for "rx[23]" at spi_slave.vhd(59) File: D:/GIT/AA2380_MAXV/spi_slave.vhd Line: 59
Info (12128): Elaborating entity "F14_DAT2BUS" for hierarchy "F14_DAT2BUS:inst21"
Info (12128): Elaborating entity "F7_ReadyIII" for hierarchy "F7_ReadyIII:inst8"
Info (12128): Elaborating entity "F0_CE_CLOCKS" for hierarchy "F0_CE_CLOCKS:inst12"
Info (12128): Elaborating entity "F13_LEDSTRI" for hierarchy "F13_LEDSTRI:inst3"
Info (12128): Elaborating entity "LUT_QuarterII" for hierarchy "LUT_QuarterII:inst"
Info (12128): Elaborating entity "LUT_counter128P" for hierarchy "LUT_counter128P:inst11"
Warning (10631): VHDL Process Statement warning at LUT_counter128P.vhd(37): inferring latch(es) for signal or variable "LUTclk", which holds its previous value in one or more paths through the process File: D:/GIT/AA2380_MAXV/LUT_counter128P.vhd Line: 37
Info (10041): Inferred latch for "LUTclk" at LUT_counter128P.vhd(37) File: D:/GIT/AA2380_MAXV/LUT_counter128P.vhd Line: 37
Info (12128): Elaborating entity "F16_UIOTEST" for hierarchy "F16_UIOTEST:inst25"
Info (12128): Elaborating entity "F1_ReadADCFullSpeed" for hierarchy "F1_ReadADCFullSpeed:inst1"
Info (12128): Elaborating entity "F15_Par2I2S_2S4P" for hierarchy "F15_Par2I2S_2S4P:inst16"
Info (12128): Elaborating entity "LPM_CONSTANT" for hierarchy "LPM_CONSTANT:inst14"
Info (12130): Elaborated megafunction instantiation "LPM_CONSTANT:inst14"
Info (12133): Instantiated megafunction "LPM_CONSTANT:inst14" with the following parameter:
    Info (12134): Parameter "LPM_CVALUE" = "B20EA7"
    Info (12134): Parameter "LPM_WIDTH" = "24"
Info (12128): Elaborating entity "LPM_CONSTANT" for hierarchy "LPM_CONSTANT:inst36"
Info (12130): Elaborated megafunction instantiation "LPM_CONSTANT:inst36"
Info (12133): Instantiated megafunction "LPM_CONSTANT:inst36" with the following parameter:
    Info (12134): Parameter "LPM_CVALUE" = "9C9F4D"
    Info (12134): Parameter "LPM_WIDTH" = "24"
Warning (13012): Latch LUT_counter128P:inst11|LUTclk has unsafe behavior File: D:/GIT/AA2380_MAXV/LUT_counter128P.vhd Line: 28
    Warning (13013): Ports D and ENA on the latch are fed by the same signal spi_slave:inst7|rx[2] File: D:/GIT/AA2380_MAXV/spi_slave.vhd Line: 59
Warning (13024): Output pins are stuck at VCC or GND
    Warning (13410): Pin "LEDavg0" is stuck at GND
    Warning (13410): Pin "LEDavg1" is stuck at GND
    Warning (13410): Pin "LEDavg2" is stuck at GND
    Warning (13410): Pin "LED_SE" is stuck at GND
    Warning (13410): Pin "LED_192K" is stuck at GND
    Warning (13410): Pin "LED_CAL" is stuck at GND
    Warning (13410): Pin "LED_FILTOFF" is stuck at GND
    Warning (13410): Pin "PWM0" is stuck at GND
    Warning (13410): Pin "PWM1" is stuck at GND
    Warning (13410): Pin "LED_48K" is stuck at GND
    Warning (13410): Pin "LED_96K" is stuck at GND
    Warning (13410): Pin "PLL_OE" is stuck at GND
    Warning (13410): Pin "PLL_S0" is stuck at GND
    Warning (13410): Pin "PLL_S1" is stuck at GND
Info (18000): Registers with preset signals will power-up high File: D:/GIT/AA2380_MAXV/F15_Par2I2S_2S4P.vhd Line: 70
Info (17049): 3 registers lost all their fanouts during netlist optimizations.
Warning (21074): Design contains 9 input pin(s) that do not drive logic
    Warning (15610): No output dependent on input pin "ADCL_SDO"
    Warning (15610): No output dependent on input pin "ADCR_SDO"
    Warning (15610): No output dependent on input pin "CLK100M"
    Warning (15610): No output dependent on input pin "CLKEXT"
    Warning (15610): No output dependent on input pin "nROT_push"
    Warning (15610): No output dependent on input pin "nROT_Ta"
    Warning (15610): No output dependent on input pin "nROT_Tb"
    Warning (15610): No output dependent on input pin "IN_PIN3"
    Warning (15610): No output dependent on input pin "IN_PIN5"
Info (21057): Implemented 264 device resources after synthesis - the final resource count might be different
    Info (21058): Implemented 20 input pins
    Info (21059): Implemented 51 output pins
    Info (21061): Implemented 193 logic cells
Info: Quartus Prime Analysis & Synthesis was successful. 0 errors, 61 warnings
    Info: Peak virtual memory: 4783 megabytes
    Info: Processing ended: Wed Sep 10 16:08:57 2025
    Info: Elapsed time: 00:00:14
    Info: Total CPU time (on all processors): 00:00:12


