Fitter report for AA2380_MAXV_v001
Wed Sep 10 16:09:02 2025
Quartus Prime Version 23.1std.0 Build 991 11/28/2023 Patches 0.02std SC Lite Edition


---------------------
; Table of Contents ;
---------------------
  1. Legal Notice
  2. Fitter Summary
  3. Fitter Settings
  4. Parallel Compilation
  5. Ignored Assignments
  6. Pin-Out File
  7. Fitter Resource Usage Summary
  8. Input Pins
  9. Output Pins
 10. I/O Bank Usage
 11. All Package Pins
 12. Output Pin Default Load For Reported TCO
 13. Fitter Resource Utilization by Entity
 14. Delay Chain Summary
 15. Control Signals
 16. Global & Other Fast Signals
 17. Routing Usage Summary
 18. LAB Logic Elements
 19. LAB-wide Signals
 20. LAB Signals Sourced
 21. LAB Signals Sourced Out
 22. LAB Distinct Inputs
 23. Fitter Device Options
 24. Estimated Delay Added for Hold Timing Summary
 25. Estimated Delay Added for Hold Timing Details
 26. Fitter Messages
 27. Fitter Suppressed Messages



----------------
; Legal Notice ;
----------------
Copyright (C) 2023  Intel Corporation. All rights reserved.
Your use of Intel Corporation's design tools, logic functions 
and other software and tools, and any partner logic 
functions, and any output files from any of the foregoing 
(including device programming or simulation files), and any 
associated documentation or information are expressly subject 
to the terms and conditions of the Intel Program License 
Subscription Agreement, the Intel Quartus Prime License Agreement,
the Intel FPGA IP License Agreement, or other applicable license
agreement, including, without limitation, that your use is for
the sole purpose of programming logic devices manufactured by
Intel and sold by Intel or its authorized distributors.  Please
refer to the applicable agreement for further details, at
https://fpgasoftware.intel.com/eula.



+----------------------------------------------------------------------------------------+
; Fitter Summary                                                                         ;
+-----------------------+----------------------------------------------------------------+
; Fitter Status         ; Successful - Wed Sep 10 16:09:02 2025                          ;
; Quartus Prime Version ; 23.1std.0 Build 991 11/28/2023 Patches 0.02std SC Lite Edition ;
; Revision Name         ; AA2380_MAXV_v001                                               ;
; Top-level Entity Name ; AA2380_MAXV                                                    ;
; Family                ; MAX V                                                          ;
; Device                ; 5M570ZT100C5                                                   ;
; Timing Models         ; Final                                                          ;
; Total logic elements  ; 153 / 570 ( 27 % )                                             ;
; Total pins            ; 71 / 74 ( 96 % )                                               ;
; Total virtual pins    ; 0                                                              ;
; UFM blocks            ; 0 / 1 ( 0 % )                                                  ;
+-----------------------+----------------------------------------------------------------+


+--------------------------------------------------------------------------------------------------------------------------------------+
; Fitter Settings                                                                                                                      ;
+--------------------------------------------------------------------+--------------------------------+--------------------------------+
; Option                                                             ; Setting                        ; Default Value                  ;
+--------------------------------------------------------------------+--------------------------------+--------------------------------+
; Device                                                             ; 5M570ZT100C5                   ;                                ;
; Minimum Core Junction Temperature                                  ; 0                              ;                                ;
; Maximum Core Junction Temperature                                  ; 85                             ;                                ;
; Router Timing Optimization Level                                   ; MAXIMUM                        ; Normal                         ;
; Placement Effort Multiplier                                        ; 4.0                            ; 1.0                            ;
; Fit Attempts to Skip                                               ; 0                              ; 0.0                            ;
; Device I/O Standard                                                ; 3.3-V LVTTL                    ;                                ;
; Perform Physical Synthesis for Combinational Logic for Performance ; On                             ; Off                            ;
; Perform Register Retiming for Performance                          ; On                             ; Off                            ;
; Fitter Effort                                                      ; Standard Fit                   ; Auto Fit                       ;
; Use smart compilation                                              ; Off                            ; Off                            ;
; Enable parallel Assembler and Timing Analyzer during compilation   ; On                             ; On                             ;
; Enable compact report table                                        ; Off                            ; Off                            ;
; Router Effort Multiplier                                           ; 1.0                            ; 1.0                            ;
; Always Enable Input Buffers                                        ; Off                            ; Off                            ;
; Optimize Hold Timing                                               ; IO Paths and Minimum TPD Paths ; IO Paths and Minimum TPD Paths ;
; Optimize Multi-Corner Timing                                       ; Off                            ; Off                            ;
; Guarantee I/O Paths Have Zero Hold Time at Fast Corner             ; On                             ; On                             ;
; Power Optimization During Fitting                                  ; Normal compilation             ; Normal compilation             ;
; Optimize Timing                                                    ; Normal compilation             ; Normal compilation             ;
; Optimize Timing for ECOs                                           ; Off                            ; Off                            ;
; Regenerate Full Fit Report During ECO Compiles                     ; Off                            ; Off                            ;
; Optimize IOC Register Placement for Timing                         ; Normal                         ; Normal                         ;
; Limit to One Fitting Attempt                                       ; Off                            ; Off                            ;
; Final Placement Optimizations                                      ; Automatically                  ; Automatically                  ;
; Fitter Aggressive Routability Optimizations                        ; Automatically                  ; Automatically                  ;
; Fitter Initial Placement Seed                                      ; 1                              ; 1                              ;
; Periphery to Core Placement and Routing Optimization               ; Off                            ; Off                            ;
; Slow Slew Rate                                                     ; Off                            ; Off                            ;
; PCI I/O                                                            ; Off                            ; Off                            ;
; Weak Pull-Up Resistor                                              ; Off                            ; Off                            ;
; Enable Bus-Hold Circuitry                                          ; Off                            ; Off                            ;
; Auto Delay Chains                                                  ; On                             ; On                             ;
; Auto Delay Chains for High Fanout Input Pins                       ; Off                            ; Off                            ;
; Perform Register Duplication for Performance                       ; Off                            ; Off                            ;
; Perform Asynchronous Signal Pipelining                             ; Off                            ; Off                            ;
; Physical Synthesis Effort Level                                    ; Normal                         ; Normal                         ;
; Logic Cell Insertion - Logic Duplication                           ; Auto                           ; Auto                           ;
; Auto Register Duplication                                          ; Auto                           ; Auto                           ;
; Auto Global Clock                                                  ; On                             ; On                             ;
; Auto Global Register Control Signals                               ; On                             ; On                             ;
; Force Fitter to Avoid Periphery Placement Warnings                 ; Off                            ; Off                            ;
+--------------------------------------------------------------------+--------------------------------+--------------------------------+


+------------------------------------------+
; Parallel Compilation                     ;
+----------------------------+-------------+
; Processors                 ; Number      ;
+----------------------------+-------------+
; Number detected on machine ; 4           ;
; Maximum allowed            ; 4           ;
;                            ;             ;
; Average used               ; 1.03        ;
; Maximum used               ; 4           ;
;                            ;             ;
; Usage by Processor         ; % Time Used ;
;     Processor 1            ; 100.0%      ;
;     Processor 2            ;   1.1%      ;
;     Processors 3-4         ;   1.0%      ;
+----------------------------+-------------+


+----------------------------------------------------------------------------------------+
; Ignored Assignments                                                                    ;
+----------+----------------+--------------+------------+---------------+----------------+
; Name     ; Ignored Entity ; Ignored From ; Ignored To ; Ignored Value ; Ignored Source ;
+----------+----------------+--------------+------------+---------------+----------------+
; Location ;                ;              ; CNT_SYNC   ; PIN_2         ; QSF Assignment ;
+----------+----------------+--------------+------------+---------------+----------------+


+--------------+
; Pin-Out File ;
+--------------+
The pin-out file can be found in D:/GIT/AA2380_MAXV/AA2380_MAXV_v001.pin.


+------------------------------------------------------------------+
; Fitter Resource Usage Summary                                    ;
+---------------------------------------------+--------------------+
; Resource                                    ; Usage              ;
+---------------------------------------------+--------------------+
; Total logic elements                        ; 153 / 570 ( 27 % ) ;
;     -- Combinational with no register       ; 5                  ;
;     -- Register only                        ; 56                 ;
;     -- Combinational with a register        ; 92                 ;
;                                             ;                    ;
; Logic element usage by number of LUT inputs ;                    ;
;     -- 4 input functions                    ; 10                 ;
;     -- 3 input functions                    ; 17                 ;
;     -- 2 input functions                    ; 46                 ;
;     -- 1 input functions                    ; 22                 ;
;     -- 0 input functions                    ; 2                  ;
;                                             ;                    ;
; Logic elements by mode                      ;                    ;
;     -- normal mode                          ; 122                ;
;     -- arithmetic mode                      ; 31                 ;
;     -- qfbk mode                            ; 5                  ;
;     -- register cascade mode                ; 5                  ;
;     -- synchronous clear/load mode          ; 69                 ;
;     -- asynchronous clear/load mode         ; 80                 ;
;                                             ;                    ;
; Total registers                             ; 148 / 570 ( 26 % ) ;
; Total LABs                                  ; 21 / 57 ( 37 % )   ;
; Logic elements in carry chains              ; 37                 ;
; Virtual pins                                ; 0                  ;
; I/O pins                                    ; 71 / 74 ( 96 % )   ;
;     -- Clock pins                           ; 4 / 4 ( 100 % )    ;
;                                             ;                    ;
; UFM blocks                                  ; 0 / 1 ( 0 % )      ;
;                                             ;                    ;
;     -- Total Fixed Point DSP Blocks         ; 0                  ;
;     -- Total Floating Point DSP Blocks      ; 0                  ;
;                                             ;                    ;
; Global signals                              ; 4                  ;
;     -- Global clocks                        ; 4 / 4 ( 100 % )    ;
; JTAGs                                       ; 0 / 1 ( 0 % )      ;
; Average interconnect usage (total/H/V)      ; 7.4% / 9.2% / 5.4% ;
; Peak interconnect usage (total/H/V)         ; 7.4% / 9.2% / 5.4% ;
; Maximum fan-out                             ; 74                 ;
; Highest non-global fan-out                  ; 27                 ;
; Total fan-out                               ; 591                ;
; Average fan-out                             ; 2.64               ;
+---------------------------------------------+--------------------+


+-------------------------------------------------------------------------------------------------------------------------------------------------------------------------------------------------------------------------------------+
; Input Pins                                                                                                                                                                                                                          ;
+-------------+-------+----------+--------------+--------------+-------------+-----------------------+--------------------+--------+-----------------+----------+--------------+--------------+----------------------+----------------+
; Name        ; Pin # ; I/O Bank ; X coordinate ; Y coordinate ; Cell number ; Combinational Fan-Out ; Registered Fan-Out ; Global ; PCI I/O Enabled ; Bus Hold ; Weak Pull Up ; I/O Standard ; Location assigned by ; Slow Slew Rate ;
+-------------+-------+----------+--------------+--------------+-------------+-----------------------+--------------------+--------+-----------------+----------+--------------+--------------+----------------------+----------------+
; ADCL_BUSY   ; 73    ; 2        ; 13           ; 7            ; 5           ; 1                     ; 0                  ; no     ; no              ; no       ; Off          ; 3.3-V LVTTL  ; User                 ; no             ;
; ADCL_SDO    ; 71    ; 2        ; 13           ; 6            ; 2           ; 0                     ; 0                  ; no     ; no              ; no       ; Off          ; 3.3-V LVTTL  ; User                 ; no             ;
; ADCR_BUSY   ; 55    ; 2        ; 13           ; 2            ; 4           ; 1                     ; 0                  ; no     ; no              ; no       ; Off          ; 3.3-V LVTTL  ; User                 ; no             ;
; ADCR_SDO    ; 53    ; 2        ; 13           ; 1            ; 3           ; 0                     ; 0                  ; no     ; no              ; no       ; Off          ; 3.3-V LVTTL  ; User                 ; no             ;
; CLK100M     ; 62    ; 2        ; 13           ; 4            ; 4           ; 0                     ; 0                  ; no     ; no              ; no       ; Off          ; 3.3-V LVTTL  ; User                 ; no             ;
; CLKEXT      ; 98    ; 2        ; 4            ; 8            ; 1           ; 0                     ; 0                  ; no     ; no              ; no       ; Off          ; 3.3-V LVTTL  ; User                 ; no             ;
; CLKIN_xN    ; 64    ; 2        ; 13           ; 4            ; 3           ; 18                    ; 0                  ; yes    ; no              ; no       ; On           ; 3.3-V LVTTL  ; User                 ; no             ;
; CONF[0]     ; 41    ; 1        ; 7            ; 3            ; 1           ; 1                     ; 0                  ; no     ; no              ; no       ; On           ; 3.3-V LVTTL  ; User                 ; no             ;
; CONF[1]     ; 42    ; 1        ; 7            ; 3            ; 0           ; 1                     ; 0                  ; no     ; no              ; no       ; On           ; 3.3-V LVTTL  ; User                 ; no             ;
; CONF[2]     ; 43    ; 1        ; 8            ; 3            ; 3           ; 1                     ; 0                  ; no     ; no              ; no       ; On           ; 3.3-V LVTTL  ; User                 ; no             ;
; CONF[3]     ; 44    ; 1        ; 8            ; 3            ; 2           ; 1                     ; 0                  ; no     ; no              ; no       ; On           ; 3.3-V LVTTL  ; User                 ; no             ;
; IN_PIN0     ; 17    ; 1        ; 0            ; 5            ; 4           ; 2                     ; 0                  ; no     ; no              ; no       ; On           ; 3.3-V LVTTL  ; User                 ; no             ;
; IN_PIN1     ; 16    ; 1        ; 0            ; 5            ; 3           ; 2                     ; 0                  ; no     ; no              ; no       ; On           ; 3.3-V LVTTL  ; User                 ; no             ;
; IN_PIN2     ; 6     ; 1        ; 0            ; 7            ; 3           ; 64                    ; 0                  ; yes    ; no              ; no       ; On           ; 3.3-V LVTTL  ; User                 ; no             ;
; IN_PIN3     ; 5     ; 1        ; 0            ; 7            ; 2           ; 0                     ; 0                  ; no     ; no              ; no       ; On           ; 3.3-V LVTTL  ; User                 ; no             ;
; IN_PIN5     ; 99    ; 2        ; 4            ; 8            ; 2           ; 0                     ; 0                  ; no     ; no              ; no       ; On           ; 3.3-V LVTTL  ; User                 ; no             ;
; MASTER_LRCK ; 100   ; 2        ; 3            ; 8            ; 0           ; 6                     ; 0                  ; no     ; no              ; no       ; Off          ; 3.3-V LVTTL  ; User                 ; no             ;
; nROT_Ta     ; 91    ; 2        ; 6            ; 8            ; 2           ; 0                     ; 0                  ; no     ; no              ; no       ; On           ; 3.3-V LVTTL  ; User                 ; no             ;
; nROT_Tb     ; 87    ; 2        ; 7            ; 8            ; 0           ; 0                     ; 0                  ; no     ; no              ; no       ; On           ; 3.3-V LVTTL  ; User                 ; no             ;
; nROT_push   ; 85    ; 2        ; 8            ; 8            ; 2           ; 0                     ; 0                  ; no     ; no              ; no       ; On           ; 3.3-V LVTTL  ; User                 ; no             ;
+-------------+-------+----------+--------------+--------------+-------------+-----------------------+--------------------+--------+-----------------+----------+--------------+--------------+----------------------+----------------+


+----------------------------------------------------------------------------------------------------------------------------------------------------------------------------------------------------------------------------------------------------------------------------------------------------------------------------------+
; Output Pins                                                                                                                                                                                                                                                                                                                      ;
+----------------+-------+----------+--------------+--------------+-------------+-----------------+----------------+-----------------+------------+---------------+----------+--------------+--------------+------------------+------------------------+----------------------+-------+----------------------+---------------------+
; Name           ; Pin # ; I/O Bank ; X coordinate ; Y coordinate ; Cell number ; Output Register ; Slow Slew Rate ; PCI I/O Enabled ; Open Drain ; TRI Primitive ; Bus Hold ; Weak Pull Up ; I/O Standard ; Current Strength ; Fast Output Connection ; Location assigned by ; Load  ; Output Enable Source ; Output Enable Group ;
+----------------+-------+----------+--------------+--------------+-------------+-----------------+----------------+-----------------+------------+---------------+----------+--------------+--------------+------------------+------------------------+----------------------+-------+----------------------+---------------------+
; ADCL_CNV       ; 74    ; 2        ; 13           ; 7            ; 3           ; no              ; no             ; no              ; no         ; no            ; no       ; Off          ; 3.3-V LVTTL  ; 16mA             ; no                     ; User                 ; 10 pF ; -                    ; -                   ;
; ADCL_SCK       ; 72    ; 2        ; 13           ; 6            ; 1           ; no              ; no             ; no              ; no         ; no            ; no       ; Off          ; 3.3-V LVTTL  ; 16mA             ; no                     ; User                 ; 10 pF ; -                    ; -                   ;
; ADCR_CNV       ; 56    ; 2        ; 13           ; 2            ; 2           ; no              ; no             ; no              ; no         ; no            ; no       ; Off          ; 3.3-V LVTTL  ; 16mA             ; no                     ; User                 ; 10 pF ; -                    ; -                   ;
; ADCR_SCK       ; 54    ; 2        ; 13           ; 1            ; 1           ; no              ; no             ; no              ; no         ; no            ; no       ; Off          ; 3.3-V LVTTL  ; 16mA             ; no                     ; User                 ; 10 pF ; -                    ; -                   ;
; FILTER_CH1     ; 61    ; 2        ; 13           ; 3            ; 1           ; no              ; no             ; no              ; no         ; no            ; no       ; Off          ; 3.3-V LVTTL  ; 16mA             ; no                     ; User                 ; 10 pF ; -                    ; -                   ;
; FILTER_CH2     ; 47    ; 1        ; 10           ; 0            ; 2           ; no              ; no             ; no              ; no         ; no            ; no       ; Off          ; 3.3-V LVTTL  ; 16mA             ; no                     ; User                 ; 10 pF ; -                    ; -                   ;
; I2S4L_BCK      ; 20    ; 1        ; 1            ; 3            ; 3           ; no              ; no             ; no              ; no         ; no            ; no       ; Off          ; 3.3-V LVTTL  ; 16mA             ; no                     ; User                 ; 10 pF ; -                    ; -                   ;
; I2S4L_DATAL[0] ; 14    ; 1        ; 0            ; 5            ; 1           ; no              ; no             ; no              ; no         ; no            ; no       ; Off          ; 3.3-V LVTTL  ; 16mA             ; no                     ; User                 ; 10 pF ; -                    ; -                   ;
; I2S4L_DATAL[1] ; 15    ; 1        ; 0            ; 5            ; 2           ; no              ; no             ; no              ; no         ; no            ; no       ; Off          ; 3.3-V LVTTL  ; 16mA             ; no                     ; User                 ; 10 pF ; -                    ; -                   ;
; I2S4L_DATAL[2] ; 18    ; 1        ; 0            ; 5            ; 5           ; no              ; no             ; no              ; no         ; no            ; no       ; Off          ; 3.3-V LVTTL  ; 16mA             ; no                     ; User                 ; 10 pF ; -                    ; -                   ;
; I2S4L_DATAL[3] ; 19    ; 1        ; 0            ; 4            ; 5           ; no              ; no             ; no              ; no         ; no            ; no       ; Off          ; 3.3-V LVTTL  ; 16mA             ; no                     ; User                 ; 10 pF ; -                    ; -                   ;
; I2S4L_DATAR[0] ; 3     ; 1        ; 1            ; 8            ; 2           ; no              ; no             ; no              ; no         ; no            ; no       ; Off          ; 3.3-V LVTTL  ; 16mA             ; no                     ; User                 ; 10 pF ; -                    ; -                   ;
; I2S4L_DATAR[1] ; 4     ; 1        ; 0            ; 7            ; 0           ; no              ; no             ; no              ; no         ; no            ; no       ; Off          ; 3.3-V LVTTL  ; 16mA             ; no                     ; User                 ; 10 pF ; -                    ; -                   ;
; I2S4L_DATAR[2] ; 7     ; 1        ; 0            ; 7            ; 4           ; no              ; no             ; no              ; no         ; no            ; no       ; Off          ; 3.3-V LVTTL  ; 16mA             ; no                     ; User                 ; 10 pF ; -                    ; -                   ;
; I2S4L_DATAR[3] ; 12    ; 1        ; 0            ; 5            ; 0           ; no              ; no             ; no              ; no         ; no            ; no       ; Off          ; 3.3-V LVTTL  ; 16mA             ; no                     ; User                 ; 10 pF ; -                    ; -                   ;
; LED_192K       ; 77    ; 2        ; 12           ; 8            ; 2           ; no              ; no             ; no              ; no         ; no            ; no       ; Off          ; 3.3-V LVTTL  ; 16mA             ; no                     ; User                 ; 10 pF ; -                    ; -                   ;
; LED_48K        ; 83    ; 2        ; 8            ; 8            ; 0           ; no              ; no             ; no              ; no         ; no            ; no       ; Off          ; 3.3-V LVTTL  ; 16mA             ; no                     ; User                 ; 10 pF ; -                    ; -                   ;
; LED_96K        ; 81    ; 2        ; 10           ; 8            ; 3           ; no              ; no             ; no              ; no         ; no            ; no       ; Off          ; 3.3-V LVTTL  ; 16mA             ; no                     ; User                 ; 10 pF ; -                    ; -                   ;
; LED_CAL        ; 78    ; 2        ; 12           ; 8            ; 3           ; no              ; no             ; no              ; no         ; no            ; no       ; Off          ; 3.3-V LVTTL  ; 16mA             ; no                     ; User                 ; 10 pF ; -                    ; -                   ;
; LED_FILTOFF    ; 82    ; 2        ; 9            ; 8            ; 0           ; no              ; no             ; no              ; no         ; no            ; no       ; Off          ; 3.3-V LVTTL  ; 16mA             ; no                     ; User                 ; 10 pF ; -                    ; -                   ;
; LED_SE         ; 76    ; 2        ; 12           ; 8            ; 1           ; no              ; no             ; no              ; no         ; no            ; no       ; Off          ; 3.3-V LVTTL  ; 16mA             ; no                     ; User                 ; 10 pF ; -                    ; -                   ;
; LEDavg0        ; 89    ; 2        ; 7            ; 8            ; 1           ; no              ; no             ; no              ; no         ; no            ; no       ; Off          ; 3.3-V LVTTL  ; 16mA             ; no                     ; User                 ; 10 pF ; -                    ; -                   ;
; LEDavg1        ; 86    ; 2        ; 8            ; 8            ; 3           ; no              ; no             ; no              ; no         ; no            ; no       ; Off          ; 3.3-V LVTTL  ; 16mA             ; no                     ; User                 ; 10 pF ; -                    ; -                   ;
; LEDavg2        ; 84    ; 2        ; 8            ; 8            ; 1           ; no              ; no             ; no              ; no         ; no            ; no       ; Off          ; 3.3-V LVTTL  ; 16mA             ; no                     ; User                 ; 10 pF ; -                    ; -                   ;
; OUT_PIN11      ; 1     ; 2        ; 3            ; 8            ; 3           ; no              ; no             ; no              ; no         ; yes           ; no       ; Off          ; 3.3-V LVTTL  ; 16mA             ; no                     ; User                 ; 10 pF ; -                    ; -                   ;
; PLL_OE         ; 69    ; 2        ; 13           ; 5            ; 0           ; no              ; no             ; no              ; no         ; no            ; no       ; Off          ; 3.3-V LVTTL  ; 16mA             ; no                     ; User                 ; 10 pF ; -                    ; -                   ;
; PLL_S0         ; 68    ; 2        ; 13           ; 4            ; 0           ; no              ; no             ; no              ; no         ; no            ; no       ; Off          ; 3.3-V LVTTL  ; 16mA             ; no                     ; User                 ; 10 pF ; -                    ; -                   ;
; PLL_S1         ; 70    ; 2        ; 13           ; 6            ; 5           ; no              ; no             ; no              ; no         ; no            ; no       ; Off          ; 3.3-V LVTTL  ; 16mA             ; no                     ; User                 ; 10 pF ; -                    ; -                   ;
; PWM0           ; 96    ; 2        ; 5            ; 8            ; 1           ; no              ; no             ; no              ; no         ; no            ; no       ; Off          ; 3.3-V LVTTL  ; 16mA             ; no                     ; User                 ; 10 pF ; -                    ; -                   ;
; PWM1           ; 92    ; 2        ; 6            ; 8            ; 3           ; no              ; no             ; no              ; no         ; no            ; no       ; Off          ; 3.3-V LVTTL  ; 16mA             ; no                     ; User                 ; 10 pF ; -                    ; -                   ;
; SE_CH1         ; 66    ; 2        ; 13           ; 4            ; 2           ; no              ; no             ; no              ; no         ; no            ; no       ; Off          ; 3.3-V LVTTL  ; 16mA             ; no                     ; User                 ; 10 pF ; -                    ; -                   ;
; SE_CH2         ; 48    ; 1        ; 10           ; 0            ; 1           ; no              ; no             ; no              ; no         ; no            ; no       ; Off          ; 3.3-V LVTTL  ; 16mA             ; no                     ; User                 ; 10 pF ; -                    ; -                   ;
; SPDIFO         ; 97    ; 2        ; 5            ; 8            ; 2           ; no              ; no             ; no              ; no         ; no            ; no       ; Off          ; 3.3-V LVTTL  ; 16mA             ; no                     ; User                 ; 10 pF ; -                    ; -                   ;
; UIO_0          ; 26    ; 1        ; 3            ; 3            ; 2           ; no              ; no             ; no              ; no         ; no            ; no       ; Off          ; 3.3-V LVTTL  ; 16mA             ; no                     ; User                 ; 10 pF ; -                    ; -                   ;
; UIO_1          ; 28    ; 1        ; 4            ; 3            ; 3           ; no              ; no             ; no              ; no         ; no            ; no       ; Off          ; 3.3-V LVTTL  ; 16mA             ; no                     ; User                 ; 10 pF ; -                    ; -                   ;
; UIO_10         ; 27    ; 1        ; 3            ; 3            ; 1           ; no              ; no             ; no              ; no         ; no            ; no       ; Off          ; 3.3-V LVTTL  ; 16mA             ; no                     ; User                 ; 10 pF ; -                    ; -                   ;
; UIO_2          ; 29    ; 1        ; 4            ; 3            ; 2           ; no              ; no             ; no              ; no         ; no            ; no       ; Off          ; 3.3-V LVTTL  ; 16mA             ; no                     ; User                 ; 10 pF ; -                    ; -                   ;
; UIO_3          ; 30    ; 1        ; 4            ; 3            ; 1           ; no              ; no             ; no              ; no         ; no            ; no       ; Off          ; 3.3-V LVTTL  ; 16mA             ; no                     ; User                 ; 10 pF ; -                    ; -                   ;
; UIO_4          ; 33    ; 1        ; 6            ; 3            ; 3           ; no              ; no             ; no              ; no         ; no            ; no       ; Off          ; 3.3-V LVTTL  ; 16mA             ; no                     ; User                 ; 10 pF ; -                    ; -                   ;
; UIO_5          ; 34    ; 1        ; 6            ; 3            ; 2           ; no              ; no             ; no              ; no         ; no            ; no       ; Off          ; 3.3-V LVTTL  ; 16mA             ; no                     ; User                 ; 10 pF ; -                    ; -                   ;
; UIO_6          ; 35    ; 1        ; 6            ; 3            ; 1           ; no              ; no             ; no              ; no         ; no            ; no       ; Off          ; 3.3-V LVTTL  ; 16mA             ; no                     ; User                 ; 10 pF ; -                    ; -                   ;
; UIO_7          ; 36    ; 1        ; 6            ; 3            ; 0           ; no              ; no             ; no              ; no         ; no            ; no       ; Off          ; 3.3-V LVTTL  ; 16mA             ; no                     ; User                 ; 10 pF ; -                    ; -                   ;
; UIO_8          ; 38    ; 1        ; 7            ; 3            ; 3           ; no              ; no             ; no              ; no         ; yes           ; no       ; Off          ; 3.3-V LVTTL  ; 16mA             ; no                     ; User                 ; 10 pF ; -                    ; -                   ;
; UIO_9          ; 40    ; 1        ; 7            ; 3            ; 2           ; no              ; no             ; no              ; no         ; no            ; no       ; Off          ; 3.3-V LVTTL  ; 16mA             ; no                     ; User                 ; 10 pF ; -                    ; -                   ;
; nACTIVITY_LED  ; 75    ; 2        ; 13           ; 7            ; 1           ; no              ; no             ; no              ; no         ; no            ; no       ; Off          ; 3.3-V LVTTL  ; 16mA             ; no                     ; User                 ; 10 pF ; -                    ; -                   ;
; nLED1_G        ; 49    ; 1        ; 10           ; 0            ; 0           ; no              ; no             ; no              ; no         ; no            ; no       ; Off          ; 3.3-V LVTTL  ; 16mA             ; no                     ; User                 ; 10 pF ; -                    ; -                   ;
; nLED1_R        ; 51    ; 1        ; 12           ; 0            ; 2           ; no              ; no             ; no              ; no         ; no            ; no       ; Off          ; 3.3-V LVTTL  ; 16mA             ; no                     ; User                 ; 10 pF ; -                    ; -                   ;
; nLED1_Y        ; 50    ; 1        ; 11           ; 0            ; 2           ; no              ; no             ; no              ; no         ; no            ; no       ; Off          ; 3.3-V LVTTL  ; 16mA             ; no                     ; User                 ; 10 pF ; -                    ; -                   ;
; nLED2_G        ; 52    ; 2        ; 13           ; 1            ; 4           ; no              ; no             ; no              ; no         ; no            ; no       ; Off          ; 3.3-V LVTTL  ; 16mA             ; no                     ; User                 ; 10 pF ; -                    ; -                   ;
; nLED2_R        ; 58    ; 2        ; 13           ; 2            ; 0           ; no              ; no             ; no              ; no         ; no            ; no       ; Off          ; 3.3-V LVTTL  ; 16mA             ; no                     ; User                 ; 10 pF ; -                    ; -                   ;
; nLED2_Y        ; 57    ; 2        ; 13           ; 2            ; 1           ; no              ; no             ; no              ; no         ; no            ; no       ; Off          ; 3.3-V LVTTL  ; 16mA             ; no                     ; User                 ; 10 pF ; -                    ; -                   ;
+----------------+-------+----------+--------------+--------------+-------------+-----------------+----------------+-----------------+------------+---------------+----------+--------------+--------------+------------------+------------------------+----------------------+-------+----------------------+---------------------+


+------------------------------------------------------------+
; I/O Bank Usage                                             ;
+----------+------------------+---------------+--------------+
; I/O Bank ; Usage            ; VCCIO Voltage ; VREF Voltage ;
+----------+------------------+---------------+--------------+
; 1        ; 33 / 35 ( 94 % ) ; 3.3V          ; --           ;
; 2        ; 38 / 39 ( 97 % ) ; 3.3V          ; --           ;
+----------+------------------+---------------+--------------+


+----------------------------------------------------------------------------------------------------------------------------------------------+
; All Package Pins                                                                                                                             ;
+----------+------------+----------+----------------+--------+--------------+---------+------------+-----------------+----------+--------------+
; Location ; Pad Number ; I/O Bank ; Pin Name/Usage ; Dir.   ; I/O Standard ; Voltage ; I/O Type   ; User Assignment ; Bus Hold ; Weak Pull Up ;
+----------+------------+----------+----------------+--------+--------------+---------+------------+-----------------+----------+--------------+
; 1        ; 161        ; 2        ; OUT_PIN11      ; output ; 3.3-V LVTTL  ;         ; Column I/O ; Y               ; no       ; Off          ;
; 2        ; 2          ; 1        ; GND*           ;        ;              ;         ; Column I/O ;                 ; no       ; Off          ;
; 3        ; 4          ; 1        ; I2S4L_DATAR[0] ; output ; 3.3-V LVTTL  ;         ; Column I/O ; Y               ; no       ; Off          ;
; 4        ; 6          ; 1        ; I2S4L_DATAR[1] ; output ; 3.3-V LVTTL  ;         ; Row I/O    ; Y               ; no       ; Off          ;
; 5        ; 8          ; 1        ; IN_PIN3        ; input  ; 3.3-V LVTTL  ;         ; Row I/O    ; Y               ; no       ; On           ;
; 6        ; 9          ; 1        ; IN_PIN2        ; input  ; 3.3-V LVTTL  ;         ; Row I/O    ; Y               ; no       ; On           ;
; 7        ; 10         ; 1        ; I2S4L_DATAR[2] ; output ; 3.3-V LVTTL  ;         ; Row I/O    ; Y               ; no       ; Off          ;
; 8        ;            ;          ; GND            ; gnd    ;              ;         ; --         ;                 ; --       ; --           ;
; 9        ;            ; 1        ; VCCIO1         ; power  ;              ; 3.3V    ; --         ;                 ; --       ; --           ;
; 10       ;            ;          ; GND            ; gnd    ;              ;         ; --         ;                 ; --       ; --           ;
; 11       ;            ;          ; GND            ; gnd    ;              ;         ; --         ;                 ; --       ; --           ;
; 12       ; 20         ; 1        ; I2S4L_DATAR[3] ; output ; 3.3-V LVTTL  ;         ; Row I/O    ; Y               ; no       ; Off          ;
; 13       ;            ;          ; VCCINT         ; power  ;              ; 1.8V    ; --         ;                 ; --       ; --           ;
; 14       ; 21         ; 1        ; I2S4L_DATAL[0] ; output ; 3.3-V LVTTL  ;         ; Row I/O    ; Y               ; no       ; Off          ;
; 15       ; 22         ; 1        ; I2S4L_DATAL[1] ; output ; 3.3-V LVTTL  ;         ; Row I/O    ; Y               ; no       ; Off          ;
; 16       ; 23         ; 1        ; IN_PIN1        ; input  ; 3.3-V LVTTL  ;         ; Row I/O    ; Y               ; no       ; On           ;
; 17       ; 24         ; 1        ; IN_PIN0        ; input  ; 3.3-V LVTTL  ;         ; Row I/O    ; Y               ; no       ; On           ;
; 18       ; 25         ; 1        ; I2S4L_DATAL[2] ; output ; 3.3-V LVTTL  ;         ; Row I/O    ; Y               ; no       ; Off          ;
; 19       ; 32         ; 1        ; I2S4L_DATAL[3] ; output ; 3.3-V LVTTL  ;         ; Row I/O    ; Y               ; no       ; Off          ;
; 20       ; 34         ; 1        ; I2S4L_BCK      ; output ; 3.3-V LVTTL  ;         ; Column I/O ; Y               ; no       ; Off          ;
; 21       ; 36         ; 1        ; GND*           ;        ;              ;         ; Column I/O ;                 ; no       ; Off          ;
; 22       ; 38         ; 1        ; #TMS           ; input  ;              ;         ; --         ;                 ; --       ; --           ;
; 23       ; 39         ; 1        ; #TDI           ; input  ;              ;         ; --         ;                 ; --       ; --           ;
; 24       ; 40         ; 1        ; #TCK           ; input  ;              ;         ; --         ;                 ; --       ; --           ;
; 25       ; 41         ; 1        ; #TDO           ; output ;              ;         ; --         ;                 ; --       ; --           ;
; 26       ; 47         ; 1        ; UIO_0          ; output ; 3.3-V LVTTL  ;         ; Column I/O ; Y               ; no       ; Off          ;
; 27       ; 48         ; 1        ; UIO_10         ; output ; 3.3-V LVTTL  ;         ; Column I/O ; Y               ; no       ; Off          ;
; 28       ; 50         ; 1        ; UIO_1          ; output ; 3.3-V LVTTL  ;         ; Column I/O ; Y               ; no       ; Off          ;
; 29       ; 51         ; 1        ; UIO_2          ; output ; 3.3-V LVTTL  ;         ; Column I/O ; Y               ; no       ; Off          ;
; 30       ; 52         ; 1        ; UIO_3          ; output ; 3.3-V LVTTL  ;         ; Column I/O ; Y               ; no       ; Off          ;
; 31       ;            ; 1        ; VCCIO1         ; power  ;              ; 3.3V    ; --         ;                 ; --       ; --           ;
; 32       ;            ;          ; GND            ; gnd    ;              ;         ; --         ;                 ; --       ; --           ;
; 33       ; 58         ; 1        ; UIO_4          ; output ; 3.3-V LVTTL  ;         ; Column I/O ; Y               ; no       ; Off          ;
; 34       ; 59         ; 1        ; UIO_5          ; output ; 3.3-V LVTTL  ;         ; Column I/O ; Y               ; no       ; Off          ;
; 35       ; 60         ; 1        ; UIO_6          ; output ; 3.3-V LVTTL  ;         ; Column I/O ; Y               ; no       ; Off          ;
; 36       ; 61         ; 1        ; UIO_7          ; output ; 3.3-V LVTTL  ;         ; Column I/O ; Y               ; no       ; Off          ;
; 37       ;            ;          ; GND            ; gnd    ;              ;         ; --         ;                 ; --       ; --           ;
; 38       ; 62         ; 1        ; UIO_8          ; output ; 3.3-V LVTTL  ;         ; Column I/O ; Y               ; no       ; Off          ;
; 39       ;            ;          ; VCCINT         ; power  ;              ; 1.8V    ; --         ;                 ; --       ; --           ;
; 40       ; 63         ; 1        ; UIO_9          ; output ; 3.3-V LVTTL  ;         ; Column I/O ; Y               ; no       ; Off          ;
; 41       ; 64         ; 1        ; CONF[0]        ; input  ; 3.3-V LVTTL  ;         ; Column I/O ; Y               ; no       ; On           ;
; 42       ; 65         ; 1        ; CONF[1]        ; input  ; 3.3-V LVTTL  ;         ; Column I/O ; Y               ; no       ; On           ;
; 43       ; 66         ; 1        ; CONF[2]        ; input  ; 3.3-V LVTTL  ;         ; Column I/O ; Y               ; no       ; On           ;
; 44       ; 67         ; 1        ; CONF[3]        ; input  ; 3.3-V LVTTL  ;         ; Column I/O ; Y               ; no       ; On           ;
; 45       ;            ; 1        ; VCCIO1         ; power  ;              ; 3.3V    ; --         ;                 ; --       ; --           ;
; 46       ;            ;          ; GND            ; gnd    ;              ;         ; --         ;                 ; --       ; --           ;
; 47       ; 71         ; 1        ; FILTER_CH2     ; output ; 3.3-V LVTTL  ;         ; Column I/O ; Y               ; no       ; Off          ;
; 48       ; 72         ; 1        ; SE_CH2         ; output ; 3.3-V LVTTL  ;         ; Column I/O ; Y               ; no       ; Off          ;
; 49       ; 73         ; 1        ; nLED1_G        ; output ; 3.3-V LVTTL  ;         ; Column I/O ; Y               ; no       ; Off          ;
; 50       ; 75         ; 1        ; nLED1_Y        ; output ; 3.3-V LVTTL  ;         ; Column I/O ; Y               ; no       ; Off          ;
; 51       ; 79         ; 1        ; nLED1_R        ; output ; 3.3-V LVTTL  ;         ; Column I/O ; Y               ; no       ; Off          ;
; 52       ; 83         ; 2        ; nLED2_G        ; output ; 3.3-V LVTTL  ;         ; Row I/O    ; Y               ; no       ; Off          ;
; 53       ; 84         ; 2        ; ADCR_SDO       ; input  ; 3.3-V LVTTL  ;         ; Row I/O    ; Y               ; no       ; Off          ;
; 54       ; 86         ; 2        ; ADCR_SCK       ; output ; 3.3-V LVTTL  ;         ; Row I/O    ; Y               ; no       ; Off          ;
; 55       ; 89         ; 2        ; ADCR_BUSY      ; input  ; 3.3-V LVTTL  ;         ; Row I/O    ; Y               ; no       ; Off          ;
; 56       ; 91         ; 2        ; ADCR_CNV       ; output ; 3.3-V LVTTL  ;         ; Row I/O    ; Y               ; no       ; Off          ;
; 57       ; 92         ; 2        ; nLED2_Y        ; output ; 3.3-V LVTTL  ;         ; Row I/O    ; Y               ; no       ; Off          ;
; 58       ; 93         ; 2        ; nLED2_R        ; output ; 3.3-V LVTTL  ;         ; Row I/O    ; Y               ; no       ; Off          ;
; 59       ;            ; 2        ; VCCIO2         ; power  ;              ; 3.3V    ; --         ;                 ; --       ; --           ;
; 60       ;            ;          ; GND            ; gnd    ;              ;         ; --         ;                 ; --       ; --           ;
; 61       ; 98         ; 2        ; FILTER_CH1     ; output ; 3.3-V LVTTL  ;         ; Row I/O    ; Y               ; no       ; Off          ;
; 62       ; 101        ; 2        ; CLK100M        ; input  ; 3.3-V LVTTL  ;         ; Row I/O    ; Y               ; no       ; Off          ;
; 63       ;            ;          ; VCCINT         ; power  ;              ; 1.8V    ; --         ;                 ; --       ; --           ;
; 64       ; 102        ; 2        ; CLKIN_xN       ; input  ; 3.3-V LVTTL  ;         ; Row I/O    ; Y               ; no       ; On           ;
; 65       ;            ;          ; GND            ; gnd    ;              ;         ; --         ;                 ; --       ; --           ;
; 66       ; 103        ; 2        ; SE_CH1         ; output ; 3.3-V LVTTL  ;         ; Row I/O    ; Y               ; no       ; Off          ;
; 67       ; 104        ; 2        ; GND*           ;        ;              ;         ; Row I/O    ;                 ; no       ; Off          ;
; 68       ; 105        ; 2        ; PLL_S0         ; output ; 3.3-V LVTTL  ;         ; Row I/O    ; Y               ; no       ; Off          ;
; 69       ; 111        ; 2        ; PLL_OE         ; output ; 3.3-V LVTTL  ;         ; Row I/O    ; Y               ; no       ; Off          ;
; 70       ; 112        ; 2        ; PLL_S1         ; output ; 3.3-V LVTTL  ;         ; Row I/O    ; Y               ; no       ; Off          ;
; 71       ; 115        ; 2        ; ADCL_SDO       ; input  ; 3.3-V LVTTL  ;         ; Row I/O    ; Y               ; no       ; Off          ;
; 72       ; 116        ; 2        ; ADCL_SCK       ; output ; 3.3-V LVTTL  ;         ; Row I/O    ; Y               ; no       ; Off          ;
; 73       ; 118        ; 2        ; ADCL_BUSY      ; input  ; 3.3-V LVTTL  ;         ; Row I/O    ; Y               ; no       ; Off          ;
; 74       ; 120        ; 2        ; ADCL_CNV       ; output ; 3.3-V LVTTL  ;         ; Row I/O    ; Y               ; no       ; Off          ;
; 75       ; 122        ; 2        ; nACTIVITY_LED  ; output ; 3.3-V LVTTL  ;         ; Row I/O    ; Y               ; no       ; Off          ;
; 76       ; 125        ; 2        ; LED_SE         ; output ; 3.3-V LVTTL  ;         ; Column I/O ; Y               ; no       ; Off          ;
; 77       ; 126        ; 2        ; LED_192K       ; output ; 3.3-V LVTTL  ;         ; Column I/O ; Y               ; no       ; Off          ;
; 78       ; 127        ; 2        ; LED_CAL        ; output ; 3.3-V LVTTL  ;         ; Column I/O ; Y               ; no       ; Off          ;
; 79       ;            ;          ; GND            ; gnd    ;              ;         ; --         ;                 ; --       ; --           ;
; 80       ;            ; 2        ; VCCIO2         ; power  ;              ; 3.3V    ; --         ;                 ; --       ; --           ;
; 81       ; 135        ; 2        ; LED_96K        ; output ; 3.3-V LVTTL  ;         ; Column I/O ; Y               ; no       ; Off          ;
; 82       ; 136        ; 2        ; LED_FILTOFF    ; output ; 3.3-V LVTTL  ;         ; Column I/O ; Y               ; no       ; Off          ;
; 83       ; 139        ; 2        ; LED_48K        ; output ; 3.3-V LVTTL  ;         ; Column I/O ; Y               ; no       ; Off          ;
; 84       ; 140        ; 2        ; LEDavg2        ; output ; 3.3-V LVTTL  ;         ; Column I/O ; Y               ; no       ; Off          ;
; 85       ; 141        ; 2        ; nROT_push      ; input  ; 3.3-V LVTTL  ;         ; Column I/O ; Y               ; no       ; On           ;
; 86       ; 142        ; 2        ; LEDavg1        ; output ; 3.3-V LVTTL  ;         ; Column I/O ; Y               ; no       ; Off          ;
; 87       ; 143        ; 2        ; nROT_Tb        ; input  ; 3.3-V LVTTL  ;         ; Column I/O ; Y               ; no       ; On           ;
; 88       ;            ;          ; VCCINT         ; power  ;              ; 1.8V    ; --         ;                 ; --       ; --           ;
; 89       ; 144        ; 2        ; LEDavg0        ; output ; 3.3-V LVTTL  ;         ; Column I/O ; Y               ; no       ; Off          ;
; 90       ;            ;          ; GND            ; gnd    ;              ;         ; --         ;                 ; --       ; --           ;
; 91       ; 149        ; 2        ; nROT_Ta        ; input  ; 3.3-V LVTTL  ;         ; Column I/O ; Y               ; no       ; On           ;
; 92       ; 150        ; 2        ; PWM1           ; output ; 3.3-V LVTTL  ;         ; Column I/O ; Y               ; no       ; Off          ;
; 93       ;            ;          ; GND            ; gnd    ;              ;         ; --         ;                 ; --       ; --           ;
; 94       ;            ; 2        ; VCCIO2         ; power  ;              ; 3.3V    ; --         ;                 ; --       ; --           ;
; 95       ;            ;          ; GND            ; gnd    ;              ;         ; --         ;                 ; --       ; --           ;
; 96       ; 152        ; 2        ; PWM0           ; output ; 3.3-V LVTTL  ;         ; Column I/O ; Y               ; no       ; Off          ;
; 97       ; 153        ; 2        ; SPDIFO         ; output ; 3.3-V LVTTL  ;         ; Column I/O ; Y               ; no       ; Off          ;
; 98       ; 155        ; 2        ; CLKEXT         ; input  ; 3.3-V LVTTL  ;         ; Column I/O ; Y               ; no       ; Off          ;
; 99       ; 156        ; 2        ; IN_PIN5        ; input  ; 3.3-V LVTTL  ;         ; Column I/O ; Y               ; no       ; On           ;
; 100      ; 158        ; 2        ; MASTER_LRCK    ; input  ; 3.3-V LVTTL  ;         ; Column I/O ; Y               ; no       ; Off          ;
+----------+------------+----------+----------------+--------+--------------+---------+------------+-----------------+----------+--------------+
Note: Pin directions (input, output or bidir) are based on device operating in user mode.


+-------------------------------------------------------------+
; Output Pin Default Load For Reported TCO                    ;
+----------------------------+-------+------------------------+
; I/O Standard               ; Load  ; Termination Resistance ;
+----------------------------+-------+------------------------+
; 3.3-V LVTTL                ; 10 pF ; Not Available          ;
; 3.3-V LVCMOS               ; 10 pF ; Not Available          ;
; 2.5 V                      ; 10 pF ; Not Available          ;
; 1.8 V                      ; 10 pF ; Not Available          ;
; 1.5 V                      ; 10 pF ; Not Available          ;
; 3.3V Schmitt Trigger Input ; 10 pF ; Not Available          ;
; 2.5V Schmitt Trigger Input ; 10 pF ; Not Available          ;
; 1.2 V                      ; 10 pF ; Not Available          ;
; LVDS_E_3R                  ; 10 pF ; Not Available          ;
; RSDS_E_3R                  ; 10 pF ; Not Available          ;
+----------------------------+-------+------------------------+
Note: User assignments will override these defaults. The user specified values are listed in the Output Pins and Bidir Pins tables.


+-------------------------------------------------------------------------------------------------------------------------------------------------------------------------------------------------------------------------------------------------------------------+
; Fitter Resource Utilization by Entity                                                                                                                                                                                                                             ;
+--------------------------------+-------------+--------------+------------+------+--------------+--------------+-------------------+------------------+-----------------+------------+----------------------------------------+---------------------+--------------+
; Compilation Hierarchy Node     ; Logic Cells ; LC Registers ; UFM Blocks ; Pins ; Virtual Pins ; LUT-Only LCs ; Register-Only LCs ; LUT/Register LCs ; Carry Chain LCs ; Packed LCs ; Full Hierarchy Name                    ; Entity Name         ; Library Name ;
+--------------------------------+-------------+--------------+------------+------+--------------+--------------+-------------------+------------------+-----------------+------------+----------------------------------------+---------------------+--------------+
; |AA2380_MAXV                   ; 153 (0)     ; 148          ; 0          ; 71   ; 0            ; 5 (0)        ; 56 (0)            ; 92 (0)           ; 37 (0)          ; 35 (5)     ; |AA2380_MAXV                           ; AA2380_MAXV         ; work         ;
;    |F0_CE_CLOCKS:inst12|       ; 8 (8)       ; 8            ; 0          ; 0    ; 0            ; 0 (0)        ; 0 (0)             ; 8 (8)            ; 6 (6)           ; 0 (0)      ; |AA2380_MAXV|F0_CE_CLOCKS:inst12       ; F0_CE_CLOCKS        ; work         ;
;    |F15_Par2I2S_2S4P:inst16|   ; 26 (26)     ; 26           ; 0          ; 0    ; 0            ; 0 (0)        ; 4 (4)             ; 22 (22)          ; 0 (0)           ; 0 (0)      ; |AA2380_MAXV|F15_Par2I2S_2S4P:inst16   ; F15_Par2I2S_2S4P    ; work         ;
;    |F1_ReadADCFullSpeed:inst1| ; 9 (9)       ; 9            ; 0          ; 0    ; 0            ; 0 (0)        ; 0 (0)             ; 9 (9)            ; 5 (5)           ; 4 (4)      ; |AA2380_MAXV|F1_ReadADCFullSpeed:inst1 ; F1_ReadADCFullSpeed ; work         ;
;    |F7_ReadyIII:inst8|         ; 26 (26)     ; 21           ; 0          ; 0    ; 0            ; 5 (5)        ; 0 (0)             ; 21 (21)          ; 17 (17)         ; 8 (8)      ; |AA2380_MAXV|F7_ReadyIII:inst8         ; F7_ReadyIII         ; work         ;
;    |LUT_counter128P:inst11|    ; 11 (11)     ; 11           ; 0          ; 0    ; 0            ; 0 (0)        ; 0 (0)             ; 11 (11)          ; 9 (9)           ; 3 (3)      ; |AA2380_MAXV|LUT_counter128P:inst11    ; LUT_counter128P     ; work         ;
;    |spi_slave:inst7|           ; 73 (73)     ; 73           ; 0          ; 0    ; 0            ; 0 (0)        ; 52 (52)           ; 21 (21)          ; 0 (0)           ; 15 (15)    ; |AA2380_MAXV|spi_slave:inst7           ; spi_slave           ; work         ;
+--------------------------------+-------------+--------------+------------+------+--------------+--------------+-------------------+------------------+-----------------+------------+----------------------------------------+---------------------+--------------+
Note: For table entries with two numbers listed, the numbers in parentheses indicate the number of resources of the given type used by the specific entity alone. The numbers listed outside of parentheses indicate the total resources of the given type used by the specific entity and all of its sub-entities in the hierarchy.


+-------------------------------------------+
; Delay Chain Summary                       ;
+----------------+----------+---------------+
; Name           ; Pin Type ; Pad to Core 0 ;
+----------------+----------+---------------+
; FILTER_CH2     ; Output   ; --            ;
; FILTER_CH1     ; Output   ; --            ;
; SE_CH1         ; Output   ; --            ;
; SE_CH2         ; Output   ; --            ;
; LEDavg0        ; Output   ; --            ;
; LEDavg1        ; Output   ; --            ;
; LEDavg2        ; Output   ; --            ;
; LED_SE         ; Output   ; --            ;
; LED_192K       ; Output   ; --            ;
; LED_CAL        ; Output   ; --            ;
; LED_FILTOFF    ; Output   ; --            ;
; PWM0           ; Output   ; --            ;
; PWM1           ; Output   ; --            ;
; LED_48K        ; Output   ; --            ;
; LED_96K        ; Output   ; --            ;
; nACTIVITY_LED  ; Output   ; --            ;
; OUT_PIN11      ; Output   ; --            ;
; PLL_OE         ; Output   ; --            ;
; PLL_S0         ; Output   ; --            ;
; PLL_S1         ; Output   ; --            ;
; nLED1_G        ; Output   ; --            ;
; nLED1_Y        ; Output   ; --            ;
; nLED1_R        ; Output   ; --            ;
; nLED2_G        ; Output   ; --            ;
; nLED2_Y        ; Output   ; --            ;
; nLED2_R        ; Output   ; --            ;
; SPDIFO         ; Output   ; --            ;
; UIO_0          ; Output   ; --            ;
; UIO_1          ; Output   ; --            ;
; UIO_7          ; Output   ; --            ;
; UIO_8          ; Output   ; --            ;
; UIO_9          ; Output   ; --            ;
; ADCL_CNV       ; Output   ; --            ;
; ADCL_SDO       ; Input    ; (0)           ;
; ADCR_SDO       ; Input    ; (0)           ;
; ADCL_SCK       ; Output   ; --            ;
; ADCR_CNV       ; Output   ; --            ;
; ADCR_SCK       ; Output   ; --            ;
; I2S4L_BCK      ; Output   ; --            ;
; UIO_2          ; Output   ; --            ;
; UIO_3          ; Output   ; --            ;
; UIO_4          ; Output   ; --            ;
; UIO_5          ; Output   ; --            ;
; UIO_6          ; Output   ; --            ;
; UIO_10         ; Output   ; --            ;
; I2S4L_DATAL[3] ; Output   ; --            ;
; I2S4L_DATAL[2] ; Output   ; --            ;
; I2S4L_DATAL[1] ; Output   ; --            ;
; I2S4L_DATAL[0] ; Output   ; --            ;
; I2S4L_DATAR[3] ; Output   ; --            ;
; I2S4L_DATAR[2] ; Output   ; --            ;
; I2S4L_DATAR[1] ; Output   ; --            ;
; I2S4L_DATAR[0] ; Output   ; --            ;
; CLK100M        ; Input    ; (0)           ;
; CLKEXT         ; Input    ; (0)           ;
; nROT_push      ; Input    ; (0)           ;
; nROT_Ta        ; Input    ; (0)           ;
; nROT_Tb        ; Input    ; (0)           ;
; IN_PIN3        ; Input    ; (0)           ;
; IN_PIN5        ; Input    ; (0)           ;
; IN_PIN2        ; Input    ; (0)           ;
; MASTER_LRCK    ; Input    ; (0)           ;
; CLKIN_xN       ; Input    ; (1)           ;
; IN_PIN0        ; Input    ; (1)           ;
; IN_PIN1        ; Input    ; (1)           ;
; ADCL_BUSY      ; Input    ; (1)           ;
; ADCR_BUSY      ; Input    ; (1)           ;
; CONF[3]        ; Input    ; (1)           ;
; CONF[2]        ; Input    ; (1)           ;
; CONF[1]        ; Input    ; (1)           ;
; CONF[0]        ; Input    ; (1)           ;
+----------------+----------+---------------+


+--------------------------------------------------------------------------------------------------------------------------------------------------------------+
; Control Signals                                                                                                                                              ;
+----------------------------------------+--------------+---------+-----------------------------------------+--------+----------------------+------------------+
; Name                                   ; Location     ; Fan-Out ; Usage                                   ; Global ; Global Resource Used ; Global Line Name ;
+----------------------------------------+--------------+---------+-----------------------------------------+--------+----------------------+------------------+
; CLKIN_xN                               ; PIN_64       ; 18      ; Clock                                   ; yes    ; Global Clock         ; GCLK3            ;
; F0_CE_CLOCKS:inst12|MCLKDV64           ; LC_X8_Y4_N9  ; 12      ; Clock                                   ; no     ; --                   ; --               ;
; F0_CE_CLOCKS:inst12|MCLKDV8            ; LC_X10_Y3_N0 ; 27      ; Clock                                   ; yes    ; Global Clock         ; GCLK0            ;
; F1_ReadADCFullSpeed:inst1|ADC_clocks~2 ; LC_X7_Y6_N7  ; 7       ; Async. clear                            ; no     ; --                   ; --               ;
; F1_ReadADCFullSpeed:inst1|CLKFS_Pulse  ; LC_X2_Y6_N4  ; 27      ; Async. clear                            ; no     ; --                   ; --               ;
; F1_ReadADCFullSpeed:inst1|LessThan0~0  ; LC_X4_Y6_N1  ; 6       ; Clock enable                            ; no     ; --                   ; --               ;
; F7_ReadyIII:inst8|CLK_1kHz             ; LC_X9_Y6_N8  ; 12      ; Clock                                   ; no     ; --                   ; --               ;
; F7_ReadyIII:inst8|LessThan0~1          ; LC_X8_Y6_N9  ; 10      ; Clock enable                            ; no     ; --                   ; --               ;
; IN_PIN2                                ; PIN_6        ; 64      ; Async. clear, Async. load, Latch enable ; yes    ; Global Clock         ; GCLK2            ;
; LUT_counter128P:inst11|LUTclk          ; LC_X2_Y6_N1  ; 8       ; Clock                                   ; no     ; --                   ; --               ;
; LUT_counter128P:inst11|Mux1~0          ; LC_X2_Y6_N0  ; 1       ; Latch enable                            ; no     ; --                   ; --               ;
; MASTER_LRCK                            ; PIN_100      ; 6       ; Clock                                   ; no     ; --                   ; --               ;
; spi_slave:inst7|bit_counter[24]        ; LC_X4_Y6_N1  ; 24      ; Clock enable                            ; no     ; --                   ; --               ;
; spi_slave:inst7|clk                    ; LC_X10_Y3_N4 ; 73      ; Clock                                   ; yes    ; Global Clock         ; GCLK1            ;
; spi_slave:inst7|miso~en                ; LC_X7_Y7_N3  ; 3       ; Output enable                           ; no     ; --                   ; --               ;
+----------------------------------------+--------------+---------+-----------------------------------------+--------+----------------------+------------------+


+------------------------------------------------------------------------------------------------+
; Global & Other Fast Signals                                                                    ;
+-----------------------------+--------------+---------+----------------------+------------------+
; Name                        ; Location     ; Fan-Out ; Global Resource Used ; Global Line Name ;
+-----------------------------+--------------+---------+----------------------+------------------+
; CLKIN_xN                    ; PIN_64       ; 18      ; Global Clock         ; GCLK3            ;
; F0_CE_CLOCKS:inst12|MCLKDV8 ; LC_X10_Y3_N0 ; 27      ; Global Clock         ; GCLK0            ;
; IN_PIN2                     ; PIN_6        ; 64      ; Global Clock         ; GCLK2            ;
; spi_slave:inst7|clk         ; LC_X10_Y3_N4 ; 73      ; Global Clock         ; GCLK1            ;
+-----------------------------+--------------+---------+----------------------+------------------+


+---------------------------------------------+
; Routing Usage Summary                       ;
+-----------------------+---------------------+
; Routing Resource Type ; Usage               ;
+-----------------------+---------------------+
; C4s                   ; 72 / 1,624 ( 4 % )  ;
; Direct links          ; 57 / 1,930 ( 3 % )  ;
; Global clocks         ; 4 / 4 ( 100 % )     ;
; LAB clocks            ; 25 / 56 ( 45 % )    ;
; LUT chains            ; 1 / 513 ( < 1 % )   ;
; Local interconnects   ; 167 / 1,930 ( 9 % ) ;
; R4s                   ; 112 / 1,472 ( 8 % ) ;
+-----------------------+---------------------+


+---------------------------------------------------------------------------+
; LAB Logic Elements                                                        ;
+--------------------------------------------+------------------------------+
; Number of Logic Elements  (Average = 7.29) ; Number of LABs  (Total = 21) ;
+--------------------------------------------+------------------------------+
; 1                                          ; 1                            ;
; 2                                          ; 1                            ;
; 3                                          ; 2                            ;
; 4                                          ; 1                            ;
; 5                                          ; 1                            ;
; 6                                          ; 1                            ;
; 7                                          ; 2                            ;
; 8                                          ; 1                            ;
; 9                                          ; 3                            ;
; 10                                         ; 8                            ;
+--------------------------------------------+------------------------------+


+-------------------------------------------------------------------+
; LAB-wide Signals                                                  ;
+------------------------------------+------------------------------+
; LAB-wide Signals  (Average = 1.62) ; Number of LABs  (Total = 21) ;
+------------------------------------+------------------------------+
; 1 Async. clear                     ; 9                            ;
; 1 Clock                            ; 16                           ;
; 1 Clock enable                     ; 3                            ;
; 2 Async. clears                    ; 1                            ;
; 2 Clocks                           ; 5                            ;
+------------------------------------+------------------------------+


+----------------------------------------------------------------------------+
; LAB Signals Sourced                                                        ;
+---------------------------------------------+------------------------------+
; Number of Signals Sourced  (Average = 9.05) ; Number of LABs  (Total = 21) ;
+---------------------------------------------+------------------------------+
; 0                                           ; 0                            ;
; 1                                           ; 1                            ;
; 2                                           ; 1                            ;
; 3                                           ; 2                            ;
; 4                                           ; 0                            ;
; 5                                           ; 0                            ;
; 6                                           ; 0                            ;
; 7                                           ; 3                            ;
; 8                                           ; 2                            ;
; 9                                           ; 1                            ;
; 10                                          ; 4                            ;
; 11                                          ; 3                            ;
; 12                                          ; 0                            ;
; 13                                          ; 0                            ;
; 14                                          ; 2                            ;
; 15                                          ; 0                            ;
; 16                                          ; 1                            ;
; 17                                          ; 0                            ;
; 18                                          ; 1                            ;
+---------------------------------------------+------------------------------+


+--------------------------------------------------------------------------------+
; LAB Signals Sourced Out                                                        ;
+-------------------------------------------------+------------------------------+
; Number of Signals Sourced Out  (Average = 4.19) ; Number of LABs  (Total = 21) ;
+-------------------------------------------------+------------------------------+
; 0                                               ; 0                            ;
; 1                                               ; 6                            ;
; 2                                               ; 2                            ;
; 3                                               ; 2                            ;
; 4                                               ; 0                            ;
; 5                                               ; 4                            ;
; 6                                               ; 4                            ;
; 7                                               ; 0                            ;
; 8                                               ; 1                            ;
; 9                                               ; 0                            ;
; 10                                              ; 2                            ;
+-------------------------------------------------+------------------------------+


+----------------------------------------------------------------------------+
; LAB Distinct Inputs                                                        ;
+---------------------------------------------+------------------------------+
; Number of Distinct Inputs  (Average = 5.62) ; Number of LABs  (Total = 21) ;
+---------------------------------------------+------------------------------+
; 0                                           ; 0                            ;
; 1                                           ; 2                            ;
; 2                                           ; 2                            ;
; 3                                           ; 4                            ;
; 4                                           ; 3                            ;
; 5                                           ; 2                            ;
; 6                                           ; 0                            ;
; 7                                           ; 2                            ;
; 8                                           ; 2                            ;
; 9                                           ; 0                            ;
; 10                                          ; 0                            ;
; 11                                          ; 2                            ;
; 12                                          ; 0                            ;
; 13                                          ; 2                            ;
+---------------------------------------------+------------------------------+


+-------------------------------------------------------------------------+
; Fitter Device Options                                                   ;
+----------------------------------------------+--------------------------+
; Option                                       ; Setting                  ;
+----------------------------------------------+--------------------------+
; Enable user-supplied start-up clock (CLKUSR) ; Off                      ;
; Enable device-wide reset (DEV_CLRn)          ; Off                      ;
; Enable device-wide output enable (DEV_OE)    ; Off                      ;
; Enable INIT_DONE output                      ; Off                      ;
; Configuration scheme                         ; Passive Serial           ;
; Reserve all unused pins                      ; As output driving ground ;
+----------------------------------------------+--------------------------+


+----------------------------------------------------------------------+
; Estimated Delay Added for Hold Timing Summary                        ;
+-----------------+--------------------------------+-------------------+
; Source Clock(s) ; Destination Clock(s)           ; Delay Added in ns ;
+-----------------+--------------------------------+-------------------+
; I/O             ; CLKIN_xN,spi_slave:inst7|rx[0] ; 1.9               ;
+-----------------+--------------------------------+-------------------+
Note: For more information on problematic transfers, consider running the Fitter again with the Optimize hold timing option (Settings Menu) turned off.
This will disable optimization of problematic paths and expose them for further analysis using the Timing Analyzer.


+--------------------------------------------------------------------------------+
; Estimated Delay Added for Hold Timing Details                                  ;
+----------------------------+-------------------------------+-------------------+
; Source Register            ; Destination Register          ; Delay Added in ns ;
+----------------------------+-------------------------------+-------------------+
; MASTER_LRCK                ; LUT_counter128P:inst11|LUTclk ; 1.941             ;
; F7_ReadyIII:inst8|CLK_1kHz ; F7_ReadyIII:inst8|READY       ; 0.396             ;
+----------------------------+-------------------------------+-------------------+
Note: This table only shows the top 2 path(s) that have the largest delay added for hold.


+-----------------+
; Fitter Messages ;
+-----------------+
Info (16303): High Performance Effort optimization mode selected -- timing performance will be prioritized at the potential cost of increased compilation time
Warning (18236): Number of processors has not been specified which may cause overloading on shared machines.  Set the global assignment NUM_PARALLEL_PROCESSORS in your QSF to an appropriate value for best performance.
Info (20030): Parallel compilation is enabled and will use 4 of the 4 processors detected
Info (119006): Selected device 5M570ZT100C5 for design "AA2380_MAXV_v001"
Info (21077): Low junction temperature is 0 degrees C
Info (21077): High junction temperature is 85 degrees C
Info (171004): Fitter is performing a Standard Fit compilation using maximum Fitter effort to optimize design performance
Warning (292013): Feature LogicLock is only available with a valid subscription license. You can purchase a software subscription to gain full access to this feature.
Info (176444): Device migration not selected. If you intend to use device migration later, you may need to change the pin assignments as they may be incompatible with other devices
    Info (176445): Device 5M80ZT100C5 is compatible
    Info (176445): Device 5M80ZT100I5 is compatible
    Info (176445): Device 5M160ZT100C5 is compatible
    Info (176445): Device 5M160ZT100I5 is compatible
    Info (176445): Device 5M240ZT100C5 is compatible
    Info (176445): Device 5M240ZT100I5 is compatible
    Info (176445): Device 5M570ZT100I5 is compatible
Warning (335093): The Timing Analyzer is analyzing 15 combinational loops as latches. For more details, run the Check Timing command in the Timing Analyzer or view the "User-Specified and Inferred Latches" table in the Analysis & Synthesis report.
Info (332104): Reading SDC File: 'AA2380_MAXV_v001.sdc'
Warning (332174): Ignored filter at AA2380_MAXV_v001.sdc(42): F7_ReadyII:inst10|CLKSLOW could not be matched with a register File: D:/GIT/AA2380_MAXV/AA2380_MAXV_v001.sdc Line: 42
Warning (332049): Ignored create_clock at AA2380_MAXV_v001.sdc(42): Argument <targets> is an empty collection File: D:/GIT/AA2380_MAXV/AA2380_MAXV_v001.sdc Line: 42
    Info (332050): create_clock -name {F7_ReadyII:inst10|CLKSLOW} -period 1.000 -waveform { 0.000 0.500 } [get_registers {F7_ReadyII:inst10|CLKSLOW}] File: D:/GIT/AA2380_MAXV/AA2380_MAXV_v001.sdc Line: 42
Warning (332174): Ignored filter at AA2380_MAXV_v001.sdc(43): F0_ClockEnable_BETA2:inst4|Fso could not be matched with a register File: D:/GIT/AA2380_MAXV/AA2380_MAXV_v001.sdc Line: 43
Warning (332049): Ignored create_clock at AA2380_MAXV_v001.sdc(43): Argument <targets> is an empty collection File: D:/GIT/AA2380_MAXV/AA2380_MAXV_v001.sdc Line: 43
    Info (332050): create_clock -name {F0_ClockEnable_BETA2:inst4|Fso} -period 1.000 -waveform { 0.000 0.500 } [get_registers {F0_ClockEnable_BETA2:inst4|Fso}] File: D:/GIT/AA2380_MAXV/AA2380_MAXV_v001.sdc Line: 43
Warning (332174): Ignored filter at AA2380_MAXV_v001.sdc(44): F0_ctrl_encoder_B:inst1|Rotate could not be matched with a register File: D:/GIT/AA2380_MAXV/AA2380_MAXV_v001.sdc Line: 44
Warning (332049): Ignored create_clock at AA2380_MAXV_v001.sdc(44): Argument <targets> is an empty collection File: D:/GIT/AA2380_MAXV/AA2380_MAXV_v001.sdc Line: 44
    Info (332050): create_clock -name {F0_ctrl_encoder_B:inst1|Rotate} -period 1.000 -waveform { 0.000 0.500 } [get_registers {F0_ctrl_encoder_B:inst1|Rotate}] File: D:/GIT/AA2380_MAXV/AA2380_MAXV_v001.sdc Line: 44
Warning (332174): Ignored filter at AA2380_MAXV_v001.sdc(45): CLK100M could not be matched with a port File: D:/GIT/AA2380_MAXV/AA2380_MAXV_v001.sdc Line: 45
Warning (332049): Ignored create_clock at AA2380_MAXV_v001.sdc(45): Argument <targets> is an empty collection File: D:/GIT/AA2380_MAXV/AA2380_MAXV_v001.sdc Line: 45
    Info (332050): create_clock -name {CLK100M} -period 10.000 -waveform { 0.000 5.000 } [get_ports { CLK100M }] File: D:/GIT/AA2380_MAXV/AA2380_MAXV_v001.sdc Line: 45
Warning (332174): Ignored filter at AA2380_MAXV_v001.sdc(46): F0_ctrl_encoder_B:inst1|pushf could not be matched with a register File: D:/GIT/AA2380_MAXV/AA2380_MAXV_v001.sdc Line: 46
Warning (332049): Ignored create_clock at AA2380_MAXV_v001.sdc(46): Argument <targets> is an empty collection File: D:/GIT/AA2380_MAXV/AA2380_MAXV_v001.sdc Line: 46
    Info (332050): create_clock -name {F0_ctrl_encoder_B:inst1|pushf} -period 1.000 -waveform { 0.000 0.500 } [get_registers {F0_ctrl_encoder_B:inst1|pushf}] File: D:/GIT/AA2380_MAXV/AA2380_MAXV_v001.sdc Line: 46
Warning (332174): Ignored filter at AA2380_MAXV_v001.sdc(47): F0_ClockEnable_BETA2:inst4|nFS could not be matched with a register File: D:/GIT/AA2380_MAXV/AA2380_MAXV_v001.sdc Line: 47
Warning (332049): Ignored create_clock at AA2380_MAXV_v001.sdc(47): Argument <targets> is an empty collection File: D:/GIT/AA2380_MAXV/AA2380_MAXV_v001.sdc Line: 47
    Info (332050): create_clock -name {F0_ClockEnable_BETA2:inst4|nFS} -period 1.000 -waveform { 0.000 0.500 } [get_registers {F0_ClockEnable_BETA2:inst4|nFS}] File: D:/GIT/AA2380_MAXV/AA2380_MAXV_v001.sdc Line: 47
Warning (332174): Ignored filter at AA2380_MAXV_v001.sdc(48): F0_ClockEnable_BETA2:inst4|Fso128 could not be matched with a register File: D:/GIT/AA2380_MAXV/AA2380_MAXV_v001.sdc Line: 48
Warning (332049): Ignored create_clock at AA2380_MAXV_v001.sdc(48): Argument <targets> is an empty collection File: D:/GIT/AA2380_MAXV/AA2380_MAXV_v001.sdc Line: 48
    Info (332050): create_clock -name {F0_ClockEnable_BETA2:inst4|Fso128} -period 1.000 -waveform { 0.000 0.500 } [get_registers {F0_ClockEnable_BETA2:inst4|Fso128}] File: D:/GIT/AA2380_MAXV/AA2380_MAXV_v001.sdc Line: 48
Warning (332174): Ignored filter at AA2380_MAXV_v001.sdc(49): F0_ClockEnable_BETA2:inst4|clockDIV[3] could not be matched with a register File: D:/GIT/AA2380_MAXV/AA2380_MAXV_v001.sdc Line: 49
Warning (332049): Ignored create_clock at AA2380_MAXV_v001.sdc(49): Argument <targets> is an empty collection File: D:/GIT/AA2380_MAXV/AA2380_MAXV_v001.sdc Line: 49
    Info (332050): create_clock -name {F0_ClockEnable_BETA2:inst4|clockDIV[3]} -period 1.000 -waveform { 0.000 0.500 } [get_registers {F0_ClockEnable_BETA2:inst4|clockDIV[3]}] File: D:/GIT/AA2380_MAXV/AA2380_MAXV_v001.sdc Line: 49
Info (332144): No user constrained base clocks found in the design
Info (332128): Timing requirements not specified -- optimizing circuit to achieve the following default global requirements
    Info (332127): Assuming a default timing requirement
Info (332111): Found 8 clocks
    Info (332111):   Period   Clock Name
    Info (332111): ======== ============
    Info (332111):    1.000     CLKIN_xN
    Info (332111):    1.000 F0_CE_CLOCKS:inst12|MCLKDV8
    Info (332111):    1.000 F0_CE_CLOCKS:inst12|MCLKDV64
    Info (332111):    1.000 F7_ReadyIII:inst8|CLK_1kHz
    Info (332111):    1.000      IN_PIN2
    Info (332111):    1.000 LUT_counter128P:inst11|LUTclk
    Info (332111):    1.000  MASTER_LRCK
    Info (332111):    1.000 spi_slave:inst7|rx[0]
Info (186079): Completed User Assigned Global Signals Promotion Operation
Info (186216): Automatically promoted some destinations of signal "CLKIN_xN" to use Global clock in PIN 64
    Info (186217): Destination "F1_ReadADCFullSpeed:inst1|SCKL" may be non-global or may not use global clock File: D:/GIT/AA2380_MAXV/F1_ReadADCFullSpeed.vhd Line: 35
Info (186215): Automatically promoted signal "spi_slave:inst7|clk" to use Global clock File: D:/GIT/AA2380_MAXV/spi_slave.vhd Line: 22
Info (186216): Automatically promoted some destinations of signal "F0_CE_CLOCKS:inst12|MCLKDV8" to use Global clock File: D:/GIT/AA2380_MAXV/F0_CE_CLOCKS.vhd Line: 22
    Info (186217): Destination "UIO_10" may be non-global or may not use global clock
    Info (186217): Destination "I2S4L_BCK" may be non-global or may not use global clock
Info (186216): Automatically promoted some destinations of signal "IN_PIN2" to use Global clock
    Info (186217): Destination "UIO_7" may be non-global or may not use global clock
    Info (186217): Destination "spi_slave:inst7|clk" may be non-global or may not use global clock File: D:/GIT/AA2380_MAXV/spi_slave.vhd Line: 22
Info (186228): Pin "IN_PIN2" drives global clock, but is not placed in a dedicated clock pin position
Info (186079): Completed Auto Global Promotion Operation
Info (176234): Starting register packing
Info (186468): Started processing fast register assignments
Info (186469): Finished processing fast register assignments
Info (176235): Finished register packing
Info (128000): Starting physical synthesis optimizations for speed
Info (128001): Physical synthesis optimizations for speed complete: elapsed time is 00:00:00
Warning (15705): Ignored locations or region assignments to the following nodes
    Warning (15706): Node "CNT_SYNC" is assigned to location or region, but does not exist in design
Info (171121): Fitter preparation operations ending: elapsed time is 00:00:00
Info (14896): Fitter has disabled Advanced Physical Optimization because it is not supported for the current family.
Info (170189): Fitter placement preparation operations beginning
Info (170190): Fitter placement preparation operations ending: elapsed time is 00:00:00
Info (170191): Fitter placement operations beginning
Info (170137): Fitter placement was successful
Info (170192): Fitter placement operations ending: elapsed time is 00:00:01
Info (170193): Fitter routing operations beginning
Info (170195): Router estimated average interconnect usage is 6% of the available device resources
    Info (170196): Router estimated peak interconnect usage is 6% of the available device resources in the region that extends from location X0_Y0 to location X13_Y8
Info (170194): Fitter routing operations ending: elapsed time is 00:00:01
Info (11888): Total time spent on timing analysis during the Fitter is 0.98 seconds.
Info (11218): Fitter post-fit operations ending: elapsed time is 00:00:00
Warning (171167): Found invalid Fitter assignments. See the Ignored Assignments panel in the Fitter Compilation Report for more information.
Warning (169174): The Reserve All Unused Pins setting has not been specified, and will default to 'As output driving ground'.
Info (144001): Generated suppressed messages file D:/GIT/AA2380_MAXV/AA2380_MAXV_v001.fit.smsg
Info: Quartus Prime Fitter was successful. 0 errors, 23 warnings
    Info: Peak virtual memory: 5328 megabytes
    Info: Processing ended: Wed Sep 10 16:09:02 2025
    Info: Elapsed time: 00:00:04
    Info: Total CPU time (on all processors): 00:00:02


+----------------------------+
; Fitter Suppressed Messages ;
+----------------------------+
The suppressed messages can be found in D:/GIT/AA2380_MAXV/AA2380_MAXV_v001.fit.smsg.


